00:00 +0: loading C:/Users/moust/OneDrive/Desktop/mauri_in/test/textfield_test.dart
00:00 +0: Test SearchScreen for exceptions
SearchScreen rendered successfully.
Pending timers:
Timer (duration: 0:00:00.000000, periodic: false), created:
#0      new FakeTimer._ (package:fake_async/fake_async.dart:342:62)
#1      FakeAsync._createTimer (package:fake_async/fake_async.dart:260:29)
#2      FakeAsync.run.<anonymous closure> (package:fake_async/fake_async.dart:185:15)
#6      _AnimateState._restart (package:flutter_animate/src/animate.dart:318:23)
#7      _AnimateState.initState (package:flutter_animate/src/animate.dart:290:5)
#8      StatefulElement._firstBuild (package:flutter/src/widgets/framework.dart:5953:55)
#9      ComponentElement.mount (package:flutter/src/widgets/framework.dart:5796:5)
...     Normal element mounting (41 frames)
#50     Element.inflateWidget (package:flutter/src/widgets/framework.dart:4590:20)
#51     Element.updateChild (package:flutter/src/widgets/framework.dart:4059:18)
#52     SliverMultiBoxAdaptorElement.updateChild (package:flutter/src/widgets/sliver.dart:1068:37)
#53     SliverMultiBoxAdaptorElement.createChild.<anonymous closure> (package:flutter/src/widgets/sliver.dart:1052:20)
#54     BuildOwner.buildScope (package:flutter/src/widgets/framework.dart:3101:19)
#55     SliverMultiBoxAdaptorElement.createChild (package:flutter/src/widgets/sliver.dart:1042:12)
#56     RenderSliverMultiBoxAdaptor._createOrObtainChild.<anonymous closure> (package:flutter/src/rendering/sliver_multi_box_adaptor.dart:372:23)
#57     RenderObject.invokeLayoutCallback.<anonymous closure> (package:flutter/src/rendering/object.dart:2894:17)
#58     PipelineOwner._enableMutationsToDirtySubtrees (package:flutter/src/rendering/object.dart:1219:15)
#59     RenderObject.invokeLayoutCallback (package:flutter/src/rendering/object.dart:2893:14)
#60     RenderSliverMultiBoxAdaptor._createOrObtainChild (package:flutter/src/rendering/sliver_multi_box_adaptor.dart:360:5)
#61     RenderSliverMultiBoxAdaptor.insertAndLayoutChild (package:flutter/src/rendering/sliver_multi_box_adaptor.dart:523:5)
#62     RenderSliverList.performLayout.advance (package:flutter/src/rendering/sliver_list.dart:242:19)
#63     RenderSliverList.performLayout (package:flutter/src/rendering/sliver_list.dart:283:12)
#64     RenderObject.layout (package:flutter/src/rendering/object.dart:2775:7)
#65     RenderSliverEdgeInsetsPadding.performLayout (package:flutter/src/rendering/sliver_padding.dart:133:12)
#66     RenderSliverPadding.performLayout (package:flutter/src/rendering/sliver_padding.dart:371:11)
#67     RenderObject.layout (package:flutter/src/rendering/object.dart:2775:7)
#68     RenderViewportBase.layoutChildSequence (package:flutter/src/rendering/viewport.dart:673:13)
#69     RenderViewport._attemptLayout (package:flutter/src/rendering/viewport.dart:1684:12)
#70     RenderViewport.performLayout (package:flutter/src/rendering/viewport.dart:1575:20)
#71     RenderObject.layout (package:flutter/src/rendering/object.dart:2775:7)
#72     RenderProxyBoxMixin.performLayout (package:flutter/src/rendering/proxy_box.dart:115:18)
#73     RenderObject.layout (package:flutter/src/rendering/object.dart:2775:7)
#74     RenderProxyBoxMixin.performLayout (package:flutter/src/rendering/proxy_box.dart:115:18)
#75     RenderObject.layout (package:flutter/src/rendering/object.dart:2775:7)
#76     RenderProxyBoxMixin.performLayout (package:flutter/src/rendering/proxy_box.dart:115:18)
#77     RenderObject.layout (package:flutter/src/rendering/object.dart:2775:7)
#78     RenderProxyBoxMixin.performLayout (package:flutter/src/rendering/proxy_box.dart:115:18)
#79     RenderObject.layout (package:flutter/src/rendering/object.dart:2775:7)
#80     RenderProxyBoxMixin.performLayout (package:flutter/src/rendering/proxy_box.dart:115:18)
#81     RenderObject.layout (package:flutter/src/rendering/object.dart:2775:7)
#82     RenderProxyBoxMixin.performLayout (package:flutter/src/rendering/proxy_box.dart:115:18)
#83     RenderObject.layout (package:flutter/src/rendering/object.dart:2775:7)
#84     RenderProxyBoxMixin.performLayout (package:flutter/src/rendering/proxy_box.dart:115:18)
#85     RenderObject.layout (package:flutter/src/rendering/object.dart:2775:7)
#86     RenderProxyBoxMixin.performLayout (package:flutter/src/rendering/proxy_box.dart:115:18)
#87     _RenderCustomClip.performLayout (package:flutter/src/rendering/proxy_box.dart:1481:11)
#88     RenderObject.layout (package:flutter/src/rendering/object.dart:2775:7)
#89     ChildLayoutHelper.layoutChild (package:flutter/src/rendering/layout_helper.dart:62:11)
#90     RenderFlex._computeSizes (package:flutter/src/rendering/flex.dart:1203:26)
#91     RenderFlex.performLayout (package:flutter/src/rendering/flex.dart:1257:32)
#92     RenderObject.layout (package:flutter/src/rendering/object.dart:2775:7)
#93     RenderPadding.performLayout (package:flutter/src/rendering/shifted_box.dart:243:12)
#94     RenderObject.layout (package:flutter/src/rendering/object.dart:2775:7)
#95     MultiChildLayoutDelegate.layoutChild (package:flutter/src/rendering/custom_layout.dart:180:12)
#96     _ScaffoldLayout.performLayout (package:flutter/src/material/scaffold.dart:1112:7)
#97     MultiChildLayoutDelegate._callPerformLayout (package:flutter/src/rendering/custom_layout.dart:249:7)
#98     RenderCustomMultiChildLayoutBox.performLayout (package:flutter/src/rendering/custom_layout.dart:420:14)
#99     RenderObject.layout (package:flutter/src/rendering/object.dart:2775:7)
#100    RenderProxyBoxMixin.performLayout (package:flutter/src/rendering/proxy_box.dart:115:18)
#101    RenderObject.layout (package:flutter/src/rendering/object.dart:2775:7)
#102    RenderProxyBoxMixin.performLayout (package:flutter/src/rendering/proxy_box.dart:115:18)
#103    _RenderCustomClip.performLayout (package:flutter/src/rendering/proxy_box.dart:1481:11)
#104    RenderObject.layout (package:flutter/src/rendering/object.dart:2775:7)
#105    RenderProxyBoxMixin.performLayout (package:flutter/src/rendering/proxy_box.dart:115:18)
#106    RenderObject.layout (package:flutter/src/rendering/object.dart:2775:7)
#107    RenderProxyBoxMixin.performLayout (package:flutter/src/rendering/proxy_box.dart:115:18)
#108    RenderObject.layout (package:flutter/src/rendering/object.dart:2775:7)
#109    RenderProxyBoxMixin.performLayout (package:flutter/src/rendering/proxy_box.dart:115:18)
#110    RenderObject.layout (package:flutter/src/rendering/object.dart:2775:7)
#111    RenderProxyBoxMixin.performLayout (package:flutter/src/rendering/proxy_box.dart:115:18)
#112    RenderObject.layout (package:flutter/src/rendering/object.dart:2775:7)
#113    RenderProxyBoxMixin.performLayout (package:flutter/src/rendering/proxy_box.dart:115:18)
#114    RenderObject.layout (package:flutter/src/rendering/object.dart:2775:7)
#115    RenderProxyBoxMixin.performLayout (package:flutter/src/rendering/proxy_box.dart:115:18)
#116    RenderObject.layout (package:flutter/src/rendering/object.dart:2775:7)
#117    RenderProxyBoxMixin.performLayout (package:flutter/src/rendering/proxy_box.dart:115:18)
#118    RenderObject.layout (package:flutter/src/rendering/object.dart:2775:7)
#119    RenderProxyBoxMixin.performLayout (package:flutter/src/rendering/proxy_box.dart:115:18)
#120    RenderObject.layout (package:flutter/src/rendering/object.dart:2775:7)
#121    RenderProxyBoxMixin.performLayout (package:flutter/src/rendering/proxy_box.dart:115:18)
#122    RenderObject.layout (package:flutter/src/rendering/object.dart:2775:7)
#123    RenderProxyBoxMixin.performLayout (package:flutter/src/rendering/proxy_box.dart:115:18)
#124    RenderObject.layout (package:flutter/src/rendering/object.dart:2775:7)
#125    RenderProxyBoxMixin.performLayout (package:flutter/src/rendering/proxy_box.dart:115:18)
#126    RenderObject.layout (package:flutter/src/rendering/object.dart:2775:7)
#127    RenderProxyBoxMixin.performLayout (package:flutter/src/rendering/proxy_box.dart:115:18)
#128    RenderObject.layout (package:flutter/src/rendering/object.dart:2775:7)
#129    RenderProxyBoxMixin.performLayout (package:flutter/src/rendering/proxy_box.dart:115:18)
#130    RenderObject.layout (package:flutter/src/rendering/object.dart:2775:7)
#131    RenderProxyBoxMixin.performLayout (package:flutter/src/rendering/proxy_box.dart:115:18)
#132    RenderObject.layout (package:flutter/src/rendering/object.dart:2775:7)
#133    RenderProxyBoxMixin.performLayout (package:flutter/src/rendering/proxy_box.dart:115:18)
#134    RenderObject.layout (package:flutter/src/rendering/object.dart:2775:7)
#135    RenderProxyBoxMixin.performLayout (package:flutter/src/rendering/proxy_box.dart:115:18)
#136    RenderOffstage.performLayout (package:flutter/src/rendering/proxy_box.dart:3848:13)
#137    RenderObject.layout (package:flutter/src/rendering/object.dart:2775:7)
#138    RenderProxyBoxMixin.performLayout (package:flutter/src/rendering/proxy_box.dart:115:18)
#139    RenderObject.layout (package:flutter/src/rendering/object.dart:2775:7)
#140    _RenderTheaterMixin.layoutChild (package:flutter/src/widgets/overlay.dart:1084:13)
#141    _RenderTheater.performLayout (package:flutter/src/widgets/overlay.dart:1429:9)
#142    RenderObject.layout (package:flutter/src/rendering/object.dart:2775:7)
#143    RenderProxyBoxMixin.performLayout (package:flutter/src/rendering/proxy_box.dart:115:18)
#144    RenderObject.layout (package:flutter/src/rendering/object.dart:2775:7)
#145    RenderProxyBoxMixin.performLayout (package:flutter/src/rendering/proxy_box.dart:115:18)
#146    RenderObject.layout (package:flutter/src/rendering/object.dart:2775:7)
#147    RenderProxyBoxMixin.performLayout (package:flutter/src/rendering/proxy_box.dart:115:18)
#148    RenderObject.layout (package:flutter/src/rendering/object.dart:2775:7)
#149    RenderProxyBoxMixin.performLayout (package:flutter/src/rendering/proxy_box.dart:115:18)
#150    RenderCustomPaint.performLayout (package:flutter/src/rendering/custom_paint.dart:574:11)
#151    RenderObject.layout (package:flutter/src/rendering/object.dart:2775:7)
#152    RenderProxyBoxMixin.performLayout (package:flutter/src/rendering/proxy_box.dart:115:18)
#153    RenderObject.layout (package:flutter/src/rendering/object.dart:2775:7)
#154    RenderProxyBoxMixin.performLayout (package:flutter/src/rendering/proxy_box.dart:115:18)
#155    RenderObject.layout (package:flutter/src/rendering/object.dart:2775:7)
#156    RenderProxyBoxMixin.performLayout (package:flutter/src/rendering/proxy_box.dart:115:18)
#157    RenderObject.layout (package:flutter/src/rendering/object.dart:2775:7)
#158    RenderProxyBoxMixin.performLayout (package:flutter/src/rendering/proxy_box.dart:115:18)
#159    RenderObject.layout (package:flutter/src/rendering/object.dart:2775:7)
#160    RenderProxyBoxMixin.performLayout (package:flutter/src/rendering/proxy_box.dart:115:18)
#161    RenderObject.layout (package:flutter/src/rendering/object.dart:2775:7)
#162    RenderProxyBoxMixin.performLayout (package:flutter/src/rendering/proxy_box.dart:115:18)
#163    RenderObject.layout (package:flutter/src/rendering/object.dart:2775:7)
#164    RenderView.performLayout (package:flutter/src/rendering/view.dart:294:12)
#165    RenderObject._layoutWithoutResize (package:flutter/src/rendering/object.dart:2623:7)
#166    PipelineOwner.flushLayout (package:flutter/src/rendering/object.dart:1170:18)
#167    PipelineOwner.flushLayout (package:flutter/src/rendering/object.dart:1183:15)
#168    AutomatedTestWidgetsFlutterBinding.drawFrame (package:flutter_test/src/binding.dart:1508:27)
#169    RendererBinding._handlePersistentFrameCallback (package:flutter/src/rendering/binding.dart:495:5)
#170    SchedulerBinding._invokeFrameCallback (package:flutter/src/scheduler/binding.dart:1434:15)
#171    SchedulerBinding.handleDrawFrame (package:flutter/src/scheduler/binding.dart:1347:9)
#172    AutomatedTestWidgetsFlutterBinding.pump.<anonymous closure> (package:flutter_test/src/binding.dart:1335:9)
#175    TestAsyncUtils.guard (package:flutter_test/src/test_async_utils.dart:74:41)
#176    AutomatedTestWidgetsFlutterBinding.pump (package:flutter_test/src/binding.dart:1324:27)
#177    WidgetTester.pumpWidget.<anonymous closure> (package:flutter_test/src/widget_tester.dart:598:22)
#180    TestAsyncUtils.guard (package:flutter_test/src/test_async_utils.dart:74:41)
#181    WidgetTester.pumpWidget (package:flutter_test/src/widget_tester.dart:595:27)
#182    main.<anonymous closure> (file:///C:/Users/moust/OneDrive/Desktop/mauri_in/test/textfield_test.dart:15:20)
#183    testWidgets.<anonymous closure>.<anonymous closure> (package:flutter_test/src/widget_tester.dart:192:29)
<asynchronous suspension>
#184    TestWidgetsFlutterBinding._runTestBody (package:flutter_test/src/binding.dart:1059:5)
<asynchronous suspension>
<asynchronous suspension>
(elided 8 frames from dart:async and package:stack_trace)

Timer (duration: 0:00:00.000000, periodic: false), created:
#0      new FakeTimer._ (package:fake_async/fake_async.dart:342:62)
#1      FakeAsync._createTimer (package:fake_async/fake_async.dart:260:29)
#2      FakeAsync.run.<anonymous closure> (package:fake_async/fake_async.dart:185:15)
#6      _AnimateState._restart (package:flutter_animate/src/animate.dart:318:23)
#7      _AnimateState.initState (package:flutter_animate/src/animate.dart:290:5)
#8      StatefulElement._firstBuild (package:flutter/src/widgets/framework.dart:5953:55)
#9      ComponentElement.mount (package:flutter/src/widgets/framework.dart:5796:5)
...     Normal element mounting (41 frames)
#50     Element.inflateWidget (package:flutter/src/widgets/framework.dart:4590:20)
#51     Element.updateChild (package:flutter/src/widgets/framework.dart:4059:18)
#52     SliverMultiBoxAdaptorElement.updateChild (package:flutter/src/widgets/sliver.dart:1068:37)
#53     SliverMultiBoxAdaptorElement.createChild.<anonymous closure> (package:flutter/src/widgets/sliver.dart:1052:20)
#54     BuildOwner.buildScope (package:flutter/src/widgets/framework.dart:3101:19)
#55     SliverMultiBoxAdaptorElement.createChild (package:flutter/src/widgets/sliver.dart:1042:12)
#56     RenderSliverMultiBoxAdaptor._createOrObtainChild.<anonymous closure> (package:flutter/src/rendering/sliver_multi_box_adaptor.dart:372:23)
#57     RenderObject.invokeLayoutCallback.<anonymous closure> (package:flutter/src/rendering/object.dart:2894:17)
#58     PipelineOwner._enableMutationsToDirtySubtrees (package:flutter/src/rendering/object.dart:1219:15)
#59     RenderObject.invokeLayoutCallback (package:flutter/src/rendering/object.dart:2893:14)
#60     RenderSliverMultiBoxAdaptor._createOrObtainChild (package:flutter/src/rendering/sliver_multi_box_adaptor.dart:360:5)
#61     RenderSliverMultiBoxAdaptor.insertAndLayoutChild (package:flutter/src/rendering/sliver_multi_box_adaptor.dart:523:5)
#62     RenderSliverList.performLayout.advance (package:flutter/src/rendering/sliver_list.dart:242:19)
#63     RenderSliverList.performLayout (package:flutter/src/rendering/sliver_list.dart:283:12)
#64     RenderObject.layout (package:flutter/src/rendering/object.dart:2775:7)
#65     RenderSliverEdgeInsetsPadding.performLayout (package:flutter/src/rendering/sliver_padding.dart:133:12)
#66     RenderSliverPadding.performLayout (package:flutter/src/rendering/sliver_padding.dart:371:11)
#67     RenderObject.layout (package:flutter/src/rendering/object.dart:2775:7)
#68     RenderViewportBase.layoutChildSequence (package:flutter/src/rendering/viewport.dart:673:13)
#69     RenderViewport._attemptLayout (package:flutter/src/rendering/viewport.dart:1684:12)
#70     RenderViewport.performLayout (package:flutter/src/rendering/viewport.dart:1575:20)
#71     RenderObject.layout (package:flutter/src/rendering/object.dart:2775:7)
#72     RenderProxyBoxMixin.performLayout (package:flutter/src/rendering/proxy_box.dart:115:18)
#73     RenderObject.layout (package:flutter/src/rendering/object.dart:2775:7)
#74     RenderProxyBoxMixin.performLayout (package:flutter/src/rendering/proxy_box.dart:115:18)
#75     RenderObject.layout (package:flutter/src/rendering/object.dart:2775:7)
#76     RenderProxyBoxMixin.performLayout (package:flutter/src/rendering/proxy_box.dart:115:18)
#77     RenderObject.layout (package:flutter/src/rendering/object.dart:2775:7)
#78     RenderProxyBoxMixin.performLayout (package:flutter/src/rendering/proxy_box.dart:115:18)
#79     RenderObject.layout (package:flutter/src/rendering/object.dart:2775:7)
#80     RenderProxyBoxMixin.performLayout (package:flutter/src/rendering/proxy_box.dart:115:18)
#81     RenderObject.layout (package:flutter/src/rendering/object.dart:2775:7)
#82     RenderProxyBoxMixin.performLayout (package:flutter/src/rendering/proxy_box.dart:115:18)
#83     RenderObject.layout (package:flutter/src/rendering/object.dart:2775:7)
#84     RenderProxyBoxMixin.performLayout (package:flutter/src/rendering/proxy_box.dart:115:18)
#85     RenderObject.layout (package:flutter/src/rendering/object.dart:2775:7)
#86     RenderProxyBoxMixin.performLayout (package:flutter/src/rendering/proxy_box.dart:115:18)
#87     _RenderCustomClip.performLayout (package:flutter/src/rendering/proxy_box.dart:1481:11)
#88     RenderObject.layout (package:flutter/src/rendering/object.dart:2775:7)
#89     ChildLayoutHelper.layoutChild (package:flutter/src/rendering/layout_helper.dart:62:11)
#90     RenderFlex._computeSizes (package:flutter/src/rendering/flex.dart:1203:26)
#91     RenderFlex.performLayout (package:flutter/src/rendering/flex.dart:1257:32)
#92     RenderObject.layout (package:flutter/src/rendering/object.dart:2775:7)
#93     RenderPadding.performLayout (package:flutter/src/rendering/shifted_box.dart:243:12)
#94     RenderObject.layout (package:flutter/src/rendering/object.dart:2775:7)
#95     MultiChildLayoutDelegate.layoutChild (package:flutter/src/rendering/custom_layout.dart:180:12)
#96     _ScaffoldLayout.performLayout (package:flutter/src/material/scaffold.dart:1112:7)
#97     MultiChildLayoutDelegate._callPerformLayout (package:flutter/src/rendering/custom_layout.dart:249:7)
#98     RenderCustomMultiChildLayoutBox.performLayout (package:flutter/src/rendering/custom_layout.dart:420:14)
#99     RenderObject.layout (package:flutter/src/rendering/object.dart:2775:7)
#100    RenderProxyBoxMixin.performLayout (package:flutter/src/rendering/proxy_box.dart:115:18)
#101    RenderObject.layout (package:flutter/src/rendering/object.dart:2775:7)
#102    RenderProxyBoxMixin.performLayout (package:flutter/src/rendering/proxy_box.dart:115:18)
#103    _RenderCustomClip.performLayout (package:flutter/src/rendering/proxy_box.dart:1481:11)
#104    RenderObject.layout (package:flutter/src/rendering/object.dart:2775:7)
#105    RenderProxyBoxMixin.performLayout (package:flutter/src/rendering/proxy_box.dart:115:18)
#106    RenderObject.layout (package:flutter/src/rendering/object.dart:2775:7)
#107    RenderProxyBoxMixin.performLayout (package:flutter/src/rendering/proxy_box.dart:115:18)
#108    RenderObject.layout (package:flutter/src/rendering/object.dart:2775:7)
#109    RenderProxyBoxMixin.performLayout (package:flutter/src/rendering/proxy_box.dart:115:18)
#110    RenderObject.layout (package:flutter/src/rendering/object.dart:2775:7)
#111    RenderProxyBoxMixin.performLayout (package:flutter/src/rendering/proxy_box.dart:115:18)
#112    RenderObject.layout (package:flutter/src/rendering/object.dart:2775:7)
#113    RenderProxyBoxMixin.performLayout (package:flutter/src/rendering/proxy_box.dart:115:18)
#114    RenderObject.layout (package:flutter/src/rendering/object.dart:2775:7)
#115    RenderProxyBoxMixin.performLayout (package:flutter/src/rendering/proxy_box.dart:115:18)
#116    RenderObject.layout (package:flutter/src/rendering/object.dart:2775:7)
#117    RenderProxyBoxMixin.performLayout (package:flutter/src/rendering/proxy_box.dart:115:18)
#118    RenderObject.layout (package:flutter/src/rendering/object.dart:2775:7)
#119    RenderProxyBoxMixin.performLayout (package:flutter/src/rendering/proxy_box.dart:115:18)
#120    RenderObject.layout (package:flutter/src/rendering/object.dart:2775:7)
#121    RenderProxyBoxMixin.performLayout (package:flutter/src/rendering/proxy_box.dart:115:18)
#122    RenderObject.layout (package:flutter/src/rendering/object.dart:2775:7)
#123    RenderProxyBoxMixin.performLayout (package:flutter/src/rendering/proxy_box.dart:115:18)
#124    RenderObject.layout (package:flutter/src/rendering/object.dart:2775:7)
#125    RenderProxyBoxMixin.performLayout (package:flutter/src/rendering/proxy_box.dart:115:18)
#126    RenderObject.layout (package:flutter/src/rendering/object.dart:2775:7)
#127    RenderProxyBoxMixin.performLayout (package:flutter/src/rendering/proxy_box.dart:115:18)
#128    RenderObject.layout (package:flutter/src/rendering/object.dart:2775:7)
#129    RenderProxyBoxMixin.performLayout (package:flutter/src/rendering/proxy_box.dart:115:18)
#130    RenderObject.layout (package:flutter/src/rendering/object.dart:2775:7)
#131    RenderProxyBoxMixin.performLayout (package:flutter/src/rendering/proxy_box.dart:115:18)
#132    RenderObject.layout (package:flutter/src/rendering/object.dart:2775:7)
#133    RenderProxyBoxMixin.performLayout (package:flutter/src/rendering/proxy_box.dart:115:18)
#134    RenderObject.layout (package:flutter/src/rendering/object.dart:2775:7)
#135    RenderProxyBoxMixin.performLayout (package:flutter/src/rendering/proxy_box.dart:115:18)
#136    RenderOffstage.performLayout (package:flutter/src/rendering/proxy_box.dart:3848:13)
#137    RenderObject.layout (package:flutter/src/rendering/object.dart:2775:7)
#138    RenderProxyBoxMixin.performLayout (package:flutter/src/rendering/proxy_box.dart:115:18)
#139    RenderObject.layout (package:flutter/src/rendering/object.dart:2775:7)
#140    _RenderTheaterMixin.layoutChild (package:flutter/src/widgets/overlay.dart:1084:13)
#141    _RenderTheater.performLayout (package:flutter/src/widgets/overlay.dart:1429:9)
#142    RenderObject.layout (package:flutter/src/rendering/object.dart:2775:7)
#143    RenderProxyBoxMixin.performLayout (package:flutter/src/rendering/proxy_box.dart:115:18)
#144    RenderObject.layout (package:flutter/src/rendering/object.dart:2775:7)
#145    RenderProxyBoxMixin.performLayout (package:flutter/src/rendering/proxy_box.dart:115:18)
#146    RenderObject.layout (package:flutter/src/rendering/object.dart:2775:7)
#147    RenderProxyBoxMixin.performLayout (package:flutter/src/rendering/proxy_box.dart:115:18)
#148    RenderObject.layout (package:flutter/src/rendering/object.dart:2775:7)
#149    RenderProxyBoxMixin.performLayout (package:flutter/src/rendering/proxy_box.dart:115:18)
#150    RenderCustomPaint.performLayout (package:flutter/src/rendering/custom_paint.dart:574:11)
#151    RenderObject.layout (package:flutter/src/rendering/object.dart:2775:7)
#152    RenderProxyBoxMixin.performLayout (package:flutter/src/rendering/proxy_box.dart:115:18)
#153    RenderObject.layout (package:flutter/src/rendering/object.dart:2775:7)
#154    RenderProxyBoxMixin.performLayout (package:flutter/src/rendering/proxy_box.dart:115:18)
#155    RenderObject.layout (package:flutter/src/rendering/object.dart:2775:7)
#156    RenderProxyBoxMixin.performLayout (package:flutter/src/rendering/proxy_box.dart:115:18)
#157    RenderObject.layout (package:flutter/src/rendering/object.dart:2775:7)
#158    RenderProxyBoxMixin.performLayout (package:flutter/src/rendering/proxy_box.dart:115:18)
#159    RenderObject.layout (package:flutter/src/rendering/object.dart:2775:7)
#160    RenderProxyBoxMixin.performLayout (package:flutter/src/rendering/proxy_box.dart:115:18)
#161    RenderObject.layout (package:flutter/src/rendering/object.dart:2775:7)
#162    RenderProxyBoxMixin.performLayout (package:flutter/src/rendering/proxy_box.dart:115:18)
#163    RenderObject.layout (package:flutter/src/rendering/object.dart:2775:7)
#164    RenderView.performLayout (package:flutter/src/rendering/view.dart:294:12)
#165    RenderObject._layoutWithoutResize (package:flutter/src/rendering/object.dart:2623:7)
#166    PipelineOwner.flushLayout (package:flutter/src/rendering/object.dart:1170:18)
#167    PipelineOwner.flushLayout (package:flutter/src/rendering/object.dart:1183:15)
#168    AutomatedTestWidgetsFlutterBinding.drawFrame (package:flutter_test/src/binding.dart:1508:27)
#169    RendererBinding._handlePersistentFrameCallback (package:flutter/src/rendering/binding.dart:495:5)
#170    SchedulerBinding._invokeFrameCallback (package:flutter/src/scheduler/binding.dart:1434:15)
#171    SchedulerBinding.handleDrawFrame (package:flutter/src/scheduler/binding.dart:1347:9)
#172    AutomatedTestWidgetsFlutterBinding.pump.<anonymous closure> (package:flutter_test/src/binding.dart:1335:9)
#175    TestAsyncUtils.guard (package:flutter_test/src/test_async_utils.dart:74:41)
#176    AutomatedTestWidgetsFlutterBinding.pump (package:flutter_test/src/binding.dart:1324:27)
#177    WidgetTester.pumpWidget.<anonymous closure> (package:flutter_test/src/widget_tester.dart:598:22)
#180    TestAsyncUtils.guard (package:flutter_test/src/test_async_utils.dart:74:41)
#181    WidgetTester.pumpWidget (package:flutter_test/src/widget_tester.dart:595:27)
#182    main.<anonymous closure> (file:///C:/Users/moust/OneDrive/Desktop/mauri_in/test/textfield_test.dart:15:20)
#183    testWidgets.<anonymous closure>.<anonymous closure> (package:flutter_test/src/widget_tester.dart:192:29)
<asynchronous suspension>
#184    TestWidgetsFlutterBinding._runTestBody (package:flutter_test/src/binding.dart:1059:5)
<asynchronous suspension>
<asynchronous suspension>
(elided 8 frames from dart:async and package:stack_trace)

Timer (duration: 0:00:00.000000, periodic: false), created:
#0      new FakeTimer._ (package:fake_async/fake_async.dart:342:62)
#1      FakeAsync._createTimer (package:fake_async/fake_async.dart:260:29)
#2      FakeAsync.run.<anonymous closure> (package:fake_async/fake_async.dart:185:15)
#6      _AnimateState._restart (package:flutter_animate/src/animate.dart:318:23)
#7      _AnimateState.initState (package:flutter_animate/src/animate.dart:290:5)
#8      StatefulElement._firstBuild (package:flutter/src/widgets/framework.dart:5953:55)
#9      ComponentElement.mount (package:flutter/src/widgets/framework.dart:5796:5)
...     Normal element mounting (41 frames)
#50     Element.inflateWidget (package:flutter/src/widgets/framework.dart:4590:20)
#51     Element.updateChild (package:flutter/src/widgets/framework.dart:4059:18)
#52     SliverMultiBoxAdaptorElement.updateChild (package:flutter/src/widgets/sliver.dart:1068:37)
#53     SliverMultiBoxAdaptorElement.createChild.<anonymous closure> (package:flutter/src/widgets/sliver.dart:1052:20)
#54     BuildOwner.buildScope (package:flutter/src/widgets/framework.dart:3101:19)
#55     SliverMultiBoxAdaptorElement.createChild (package:flutter/src/widgets/sliver.dart:1042:12)
#56     RenderSliverMultiBoxAdaptor._createOrObtainChild.<anonymous closure> (package:flutter/src/rendering/sliver_multi_box_adaptor.dart:372:23)
#57     RenderObject.invokeLayoutCallback.<anonymous closure> (package:flutter/src/rendering/object.dart:2894:17)
#58     PipelineOwner._enableMutationsToDirtySubtrees (package:flutter/src/rendering/object.dart:1219:15)
#59     RenderObject.invokeLayoutCallback (package:flutter/src/rendering/object.dart:2893:14)
#60     RenderSliverMultiBoxAdaptor._createOrObtainChild (package:flutter/src/rendering/sliver_multi_box_adaptor.dart:360:5)
#61     RenderSliverMultiBoxAdaptor.insertAndLayoutChild (package:flutter/src/rendering/sliver_multi_box_adaptor.dart:523:5)
#62     RenderSliverList.performLayout.advance (package:flutter/src/rendering/sliver_list.dart:242:19)
#63     RenderSliverList.performLayout (package:flutter/src/rendering/sliver_list.dart:283:12)
#64     RenderObject.layout (package:flutter/src/rendering/object.dart:2775:7)
#65     RenderSliverEdgeInsetsPadding.performLayout (package:flutter/src/rendering/sliver_padding.dart:133:12)
#66     RenderSliverPadding.performLayout (package:flutter/src/rendering/sliver_padding.dart:371:11)
#67     RenderObject.layout (package:flutter/src/rendering/object.dart:2775:7)
#68     RenderViewportBase.layoutChildSequence (package:flutter/src/rendering/viewport.dart:673:13)
#69     RenderViewport._attemptLayout (package:flutter/src/rendering/viewport.dart:1684:12)
#70     RenderViewport.performLayout (package:flutter/src/rendering/viewport.dart:1575:20)
#71     RenderObject.layout (package:flutter/src/rendering/object.dart:2775:7)
#72     RenderProxyBoxMixin.performLayout (package:flutter/src/rendering/proxy_box.dart:115:18)
#73     RenderObject.layout (package:flutter/src/rendering/object.dart:2775:7)
#74     RenderProxyBoxMixin.performLayout (package:flutter/src/rendering/proxy_box.dart:115:18)
#75     RenderObject.layout (package:flutter/src/rendering/object.dart:2775:7)
#76     RenderProxyBoxMixin.performLayout (package:flutter/src/rendering/proxy_box.dart:115:18)
#77     RenderObject.layout (package:flutter/src/rendering/object.dart:2775:7)
#78     RenderProxyBoxMixin.performLayout (package:flutter/src/rendering/proxy_box.dart:115:18)
#79     RenderObject.layout (package:flutter/src/rendering/object.dart:2775:7)
#80     RenderProxyBoxMixin.performLayout (package:flutter/src/rendering/proxy_box.dart:115:18)
#81     RenderObject.layout (package:flutter/src/rendering/object.dart:2775:7)
#82     RenderProxyBoxMixin.performLayout (package:flutter/src/rendering/proxy_box.dart:115:18)
#83     RenderObject.layout (package:flutter/src/rendering/object.dart:2775:7)
#84     RenderProxyBoxMixin.performLayout (package:flutter/src/rendering/proxy_box.dart:115:18)
#85     RenderObject.layout (package:flutter/src/rendering/object.dart:2775:7)
#86     RenderProxyBoxMixin.performLayout (package:flutter/src/rendering/proxy_box.dart:115:18)
#87     _RenderCustomClip.performLayout (package:flutter/src/rendering/proxy_box.dart:1481:11)
#88     RenderObject.layout (package:flutter/src/rendering/object.dart:2775:7)
#89     ChildLayoutHelper.layoutChild (package:flutter/src/rendering/layout_helper.dart:62:11)
#90     RenderFlex._computeSizes (package:flutter/src/rendering/flex.dart:1203:26)
#91     RenderFlex.performLayout (package:flutter/src/rendering/flex.dart:1257:32)
#92     RenderObject.layout (package:flutter/src/rendering/object.dart:2775:7)
#93     RenderPadding.performLayout (package:flutter/src/rendering/shifted_box.dart:243:12)
#94     RenderObject.layout (package:flutter/src/rendering/object.dart:2775:7)
#95     MultiChildLayoutDelegate.layoutChild (package:flutter/src/rendering/custom_layout.dart:180:12)
#96     _ScaffoldLayout.performLayout (package:flutter/src/material/scaffold.dart:1112:7)
#97     MultiChildLayoutDelegate._callPerformLayout (package:flutter/src/rendering/custom_layout.dart:249:7)
#98     RenderCustomMultiChildLayoutBox.performLayout (package:flutter/src/rendering/custom_layout.dart:420:14)
#99     RenderObject.layout (package:flutter/src/rendering/object.dart:2775:7)
#100    RenderProxyBoxMixin.performLayout (package:flutter/src/rendering/proxy_box.dart:115:18)
#101    RenderObject.layout (package:flutter/src/rendering/object.dart:2775:7)
#102    RenderProxyBoxMixin.performLayout (package:flutter/src/rendering/proxy_box.dart:115:18)
#103    _RenderCustomClip.performLayout (package:flutter/src/rendering/proxy_box.dart:1481:11)
#104    RenderObject.layout (package:flutter/src/rendering/object.dart:2775:7)
#105    RenderProxyBoxMixin.performLayout (package:flutter/src/rendering/proxy_box.dart:115:18)
#106    RenderObject.layout (package:flutter/src/rendering/object.dart:2775:7)
#107    RenderProxyBoxMixin.performLayout (package:flutter/src/rendering/proxy_box.dart:115:18)
#108    RenderObject.layout (package:flutter/src/rendering/object.dart:2775:7)
#109    RenderProxyBoxMixin.performLayout (package:flutter/src/rendering/proxy_box.dart:115:18)
#110    RenderObject.layout (package:flutter/src/rendering/object.dart:2775:7)
#111    RenderProxyBoxMixin.performLayout (package:flutter/src/rendering/proxy_box.dart:115:18)
#112    RenderObject.layout (package:flutter/src/rendering/object.dart:2775:7)
#113    RenderProxyBoxMixin.performLayout (package:flutter/src/rendering/proxy_box.dart:115:18)
#114    RenderObject.layout (package:flutter/src/rendering/object.dart:2775:7)
#115    RenderProxyBoxMixin.performLayout (package:flutter/src/rendering/proxy_box.dart:115:18)
#116    RenderObject.layout (package:flutter/src/rendering/object.dart:2775:7)
#117    RenderProxyBoxMixin.performLayout (package:flutter/src/rendering/proxy_box.dart:115:18)
#118    RenderObject.layout (package:flutter/src/rendering/object.dart:2775:7)
#119    RenderProxyBoxMixin.performLayout (package:flutter/src/rendering/proxy_box.dart:115:18)
#120    RenderObject.layout (package:flutter/src/rendering/object.dart:2775:7)
#121    RenderProxyBoxMixin.performLayout (package:flutter/src/rendering/proxy_box.dart:115:18)
#122    RenderObject.layout (package:flutter/src/rendering/object.dart:2775:7)
#123    RenderProxyBoxMixin.performLayout (package:flutter/src/rendering/proxy_box.dart:115:18)
#124    RenderObject.layout (package:flutter/src/rendering/object.dart:2775:7)
#125    RenderProxyBoxMixin.performLayout (package:flutter/src/rendering/proxy_box.dart:115:18)
#126    RenderObject.layout (package:flutter/src/rendering/object.dart:2775:7)
#127    RenderProxyBoxMixin.performLayout (package:flutter/src/rendering/proxy_box.dart:115:18)
#128    RenderObject.layout (package:flutter/src/rendering/object.dart:2775:7)
#129    RenderProxyBoxMixin.performLayout (package:flutter/src/rendering/proxy_box.dart:115:18)
#130    RenderObject.layout (package:flutter/src/rendering/object.dart:2775:7)
#131    RenderProxyBoxMixin.performLayout (package:flutter/src/rendering/proxy_box.dart:115:18)
#132    RenderObject.layout (package:flutter/src/rendering/object.dart:2775:7)
#133    RenderProxyBoxMixin.performLayout (package:flutter/src/rendering/proxy_box.dart:115:18)
#134    RenderObject.layout (package:flutter/src/rendering/object.dart:2775:7)
#135    RenderProxyBoxMixin.performLayout (package:flutter/src/rendering/proxy_box.dart:115:18)
#136    RenderOffstage.performLayout (package:flutter/src/rendering/proxy_box.dart:3848:13)
#137    RenderObject.layout (package:flutter/src/rendering/object.dart:2775:7)
#138    RenderProxyBoxMixin.performLayout (package:flutter/src/rendering/proxy_box.dart:115:18)
#139    RenderObject.layout (package:flutter/src/rendering/object.dart:2775:7)
#140    _RenderTheaterMixin.layoutChild (package:flutter/src/widgets/overlay.dart:1084:13)
#141    _RenderTheater.performLayout (package:flutter/src/widgets/overlay.dart:1429:9)
#142    RenderObject.layout (package:flutter/src/rendering/object.dart:2775:7)
#143    RenderProxyBoxMixin.performLayout (package:flutter/src/rendering/proxy_box.dart:115:18)
#144    RenderObject.layout (package:flutter/src/rendering/object.dart:2775:7)
#145    RenderProxyBoxMixin.performLayout (package:flutter/src/rendering/proxy_box.dart:115:18)
#146    RenderObject.layout (package:flutter/src/rendering/object.dart:2775:7)
#147    RenderProxyBoxMixin.performLayout (package:flutter/src/rendering/proxy_box.dart:115:18)
#148    RenderObject.layout (package:flutter/src/rendering/object.dart:2775:7)
#149    RenderProxyBoxMixin.performLayout (package:flutter/src/rendering/proxy_box.dart:115:18)
#150    RenderCustomPaint.performLayout (package:flutter/src/rendering/custom_paint.dart:574:11)
#151    RenderObject.layout (package:flutter/src/rendering/object.dart:2775:7)
#152    RenderProxyBoxMixin.performLayout (package:flutter/src/rendering/proxy_box.dart:115:18)
#153    RenderObject.layout (package:flutter/src/rendering/object.dart:2775:7)
#154    RenderProxyBoxMixin.performLayout (package:flutter/src/rendering/proxy_box.dart:115:18)
#155    RenderObject.layout (package:flutter/src/rendering/object.dart:2775:7)
#156    RenderProxyBoxMixin.performLayout (package:flutter/src/rendering/proxy_box.dart:115:18)
#157    RenderObject.layout (package:flutter/src/rendering/object.dart:2775:7)
#158    RenderProxyBoxMixin.performLayout (package:flutter/src/rendering/proxy_box.dart:115:18)
#159    RenderObject.layout (package:flutter/src/rendering/object.dart:2775:7)
#160    RenderProxyBoxMixin.performLayout (package:flutter/src/rendering/proxy_box.dart:115:18)
#161    RenderObject.layout (package:flutter/src/rendering/object.dart:2775:7)
#162    RenderProxyBoxMixin.performLayout (package:flutter/src/rendering/proxy_box.dart:115:18)
#163    RenderObject.layout (package:flutter/src/rendering/object.dart:2775:7)
#164    RenderView.performLayout (package:flutter/src/rendering/view.dart:294:12)
#165    RenderObject._layoutWithoutResize (package:flutter/src/rendering/object.dart:2623:7)
#166    PipelineOwner.flushLayout (package:flutter/src/rendering/object.dart:1170:18)
#167    PipelineOwner.flushLayout (package:flutter/src/rendering/object.dart:1183:15)
#168    AutomatedTestWidgetsFlutterBinding.drawFrame (package:flutter_test/src/binding.dart:1508:27)
#169    RendererBinding._handlePersistentFrameCallback (package:flutter/src/rendering/binding.dart:495:5)
#170    SchedulerBinding._invokeFrameCallback (package:flutter/src/scheduler/binding.dart:1434:15)
#171    SchedulerBinding.handleDrawFrame (package:flutter/src/scheduler/binding.dart:1347:9)
#172    AutomatedTestWidgetsFlutterBinding.pump.<anonymous closure> (package:flutter_test/src/binding.dart:1335:9)
#175    TestAsyncUtils.guard (package:flutter_test/src/test_async_utils.dart:74:41)
#176    AutomatedTestWidgetsFlutterBinding.pump (package:flutter_test/src/binding.dart:1324:27)
#177    WidgetTester.pumpWidget.<anonymous closure> (package:flutter_test/src/widget_tester.dart:598:22)
#180    TestAsyncUtils.guard (package:flutter_test/src/test_async_utils.dart:74:41)
#181    WidgetTester.pumpWidget (package:flutter_test/src/widget_tester.dart:595:27)
#182    main.<anonymous closure> (file:///C:/Users/moust/OneDrive/Desktop/mauri_in/test/textfield_test.dart:15:20)
#183    testWidgets.<anonymous closure>.<anonymous closure> (package:flutter_test/src/widget_tester.dart:192:29)
<asynchronous suspension>
#184    TestWidgetsFlutterBinding._runTestBody (package:flutter_test/src/binding.dart:1059:5)
<asynchronous suspension>
<asynchronous suspension>
(elided 8 frames from dart:async and package:stack_trace)

Timer (duration: 0:00:00.000000, periodic: false), created:
#0      new FakeTimer._ (package:fake_async/fake_async.dart:342:62)
#1      FakeAsync._createTimer (package:fake_async/fake_async.dart:260:29)
#2      FakeAsync.run.<anonymous closure> (package:fake_async/fake_async.dart:185:15)
#6      _AnimateState._restart (package:flutter_animate/src/animate.dart:318:23)
#7      _AnimateState.initState (package:flutter_animate/src/animate.dart:290:5)
#8      StatefulElement._firstBuild (package:flutter/src/widgets/framework.dart:5953:55)
#9      ComponentElement.mount (package:flutter/src/widgets/framework.dart:5796:5)
#10     Element.inflateWidget (package:flutter/src/widgets/framework.dart:4590:20)
#11     MultiChildRenderObjectElement.inflateWidget (package:flutter/src/widgets/framework.dart:7269:36)
#12     MultiChildRenderObjectElement.mount (package:flutter/src/widgets/framework.dart:7285:32)
...     Normal element mounting (41 frames)
#53     Element.inflateWidget (package:flutter/src/widgets/framework.dart:4590:20)
#54     Element.updateChild (package:flutter/src/widgets/framework.dart:4059:18)
#55     SliverMultiBoxAdaptorElement.updateChild (package:flutter/src/widgets/sliver.dart:1068:37)
#56     SliverMultiBoxAdaptorElement.createChild.<anonymous closure> (package:flutter/src/widgets/sliver.dart:1052:20)
#57     BuildOwner.buildScope (package:flutter/src/widgets/framework.dart:3101:19)
#58     SliverMultiBoxAdaptorElement.createChild (package:flutter/src/widgets/sliver.dart:1042:12)
#59     RenderSliverMultiBoxAdaptor._createOrObtainChild.<anonymous closure> (package:flutter/src/rendering/sliver_multi_box_adaptor.dart:372:23)
#60     RenderObject.invokeLayoutCallback.<anonymous closure> (package:flutter/src/rendering/object.dart:2894:17)
#61     PipelineOwner._enableMutationsToDirtySubtrees (package:flutter/src/rendering/object.dart:1219:15)
#62     RenderObject.invokeLayoutCallback (package:flutter/src/rendering/object.dart:2893:14)
#63     RenderSliverMultiBoxAdaptor._createOrObtainChild (package:flutter/src/rendering/sliver_multi_box_adaptor.dart:360:5)
#64     RenderSliverMultiBoxAdaptor.insertAndLayoutChild (package:flutter/src/rendering/sliver_multi_box_adaptor.dart:523:5)
#65     RenderSliverList.performLayout.advance (package:flutter/src/rendering/sliver_list.dart:242:19)
#66     RenderSliverList.performLayout (package:flutter/src/rendering/sliver_list.dart:283:12)
#67     RenderObject.layout (package:flutter/src/rendering/object.dart:2775:7)
#68     RenderSliverEdgeInsetsPadding.performLayout (package:flutter/src/rendering/sliver_padding.dart:133:12)
#69     RenderSliverPadding.performLayout (package:flutter/src/rendering/sliver_padding.dart:371:11)
#70     RenderObject.layout (package:flutter/src/rendering/object.dart:2775:7)
#71     RenderViewportBase.layoutChildSequence (package:flutter/src/rendering/viewport.dart:673:13)
#72     RenderViewport._attemptLayout (package:flutter/src/rendering/viewport.dart:1684:12)
#73     RenderViewport.performLayout (package:flutter/src/rendering/viewport.dart:1575:20)
#74     RenderObject.layout (package:flutter/src/rendering/object.dart:2775:7)
#75     RenderProxyBoxMixin.performLayout (package:flutter/src/rendering/proxy_box.dart:115:18)
#76     RenderObject.layout (package:flutter/src/rendering/object.dart:2775:7)
#77     RenderProxyBoxMixin.performLayout (package:flutter/src/rendering/proxy_box.dart:115:18)
#78     RenderObject.layout (package:flutter/src/rendering/object.dart:2775:7)
#79     RenderProxyBoxMixin.performLayout (package:flutter/src/rendering/proxy_box.dart:115:18)
#80     RenderObject.layout (package:flutter/src/rendering/object.dart:2775:7)
#81     RenderProxyBoxMixin.performLayout (package:flutter/src/rendering/proxy_box.dart:115:18)
#82     RenderObject.layout (package:flutter/src/rendering/object.dart:2775:7)
#83     RenderProxyBoxMixin.performLayout (package:flutter/src/rendering/proxy_box.dart:115:18)
#84     RenderObject.layout (package:flutter/src/rendering/object.dart:2775:7)
#85     RenderProxyBoxMixin.performLayout (package:flutter/src/rendering/proxy_box.dart:115:18)
#86     RenderObject.layout (package:flutter/src/rendering/object.dart:2775:7)
#87     RenderProxyBoxMixin.performLayout (package:flutter/src/rendering/proxy_box.dart:115:18)
#88     RenderObject.layout (package:flutter/src/rendering/object.dart:2775:7)
#89     RenderProxyBoxMixin.performLayout (package:flutter/src/rendering/proxy_box.dart:115:18)
#90     _RenderCustomClip.performLayout (package:flutter/src/rendering/proxy_box.dart:1481:11)
#91     RenderObject.layout (package:flutter/src/rendering/object.dart:2775:7)
#92     ChildLayoutHelper.layoutChild (package:flutter/src/rendering/layout_helper.dart:62:11)
#93     RenderFlex._computeSizes (package:flutter/src/rendering/flex.dart:1203:26)
#94     RenderFlex.performLayout (package:flutter/src/rendering/flex.dart:1257:32)
#95     RenderObject.layout (package:flutter/src/rendering/object.dart:2775:7)
#96     RenderPadding.performLayout (package:flutter/src/rendering/shifted_box.dart:243:12)
#97     RenderObject.layout (package:flutter/src/rendering/object.dart:2775:7)
#98     MultiChildLayoutDelegate.layoutChild (package:flutter/src/rendering/custom_layout.dart:180:12)
#99     _ScaffoldLayout.performLayout (package:flutter/src/material/scaffold.dart:1112:7)
#100    MultiChildLayoutDelegate._callPerformLayout (package:flutter/src/rendering/custom_layout.dart:249:7)
#101    RenderCustomMultiChildLayoutBox.performLayout (package:flutter/src/rendering/custom_layout.dart:420:14)
#102    RenderObject.layout (package:flutter/src/rendering/object.dart:2775:7)
#103    RenderProxyBoxMixin.performLayout (package:flutter/src/rendering/proxy_box.dart:115:18)
#104    RenderObject.layout (package:flutter/src/rendering/object.dart:2775:7)
#105    RenderProxyBoxMixin.performLayout (package:flutter/src/rendering/proxy_box.dart:115:18)
#106    _RenderCustomClip.performLayout (package:flutter/src/rendering/proxy_box.dart:1481:11)
#107    RenderObject.layout (package:flutter/src/rendering/object.dart:2775:7)
#108    RenderProxyBoxMixin.performLayout (package:flutter/src/rendering/proxy_box.dart:115:18)
#109    RenderObject.layout (package:flutter/src/rendering/object.dart:2775:7)
#110    RenderProxyBoxMixin.performLayout (package:flutter/src/rendering/proxy_box.dart:115:18)
#111    RenderObject.layout (package:flutter/src/rendering/object.dart:2775:7)
#112    RenderProxyBoxMixin.performLayout (package:flutter/src/rendering/proxy_box.dart:115:18)
#113    RenderObject.layout (package:flutter/src/rendering/object.dart:2775:7)
#114    RenderProxyBoxMixin.performLayout (package:flutter/src/rendering/proxy_box.dart:115:18)
#115    RenderObject.layout (package:flutter/src/rendering/object.dart:2775:7)
#116    RenderProxyBoxMixin.performLayout (package:flutter/src/rendering/proxy_box.dart:115:18)
#117    RenderObject.layout (package:flutter/src/rendering/object.dart:2775:7)
#118    RenderProxyBoxMixin.performLayout (package:flutter/src/rendering/proxy_box.dart:115:18)
#119    RenderObject.layout (package:flutter/src/rendering/object.dart:2775:7)
#120    RenderProxyBoxMixin.performLayout (package:flutter/src/rendering/proxy_box.dart:115:18)
#121    RenderObject.layout (package:flutter/src/rendering/object.dart:2775:7)
#122    RenderProxyBoxMixin.performLayout (package:flutter/src/rendering/proxy_box.dart:115:18)
#123    RenderObject.layout (package:flutter/src/rendering/object.dart:2775:7)
#124    RenderProxyBoxMixin.performLayout (package:flutter/src/rendering/proxy_box.dart:115:18)
#125    RenderObject.layout (package:flutter/src/rendering/object.dart:2775:7)
#126    RenderProxyBoxMixin.performLayout (package:flutter/src/rendering/proxy_box.dart:115:18)
#127    RenderObject.layout (package:flutter/src/rendering/object.dart:2775:7)
#128    RenderProxyBoxMixin.performLayout (package:flutter/src/rendering/proxy_box.dart:115:18)
#129    RenderObject.layout (package:flutter/src/rendering/object.dart:2775:7)
#130    RenderProxyBoxMixin.performLayout (package:flutter/src/rendering/proxy_box.dart:115:18)
#131    RenderObject.layout (package:flutter/src/rendering/object.dart:2775:7)
#132    RenderProxyBoxMixin.performLayout (package:flutter/src/rendering/proxy_box.dart:115:18)
#133    RenderObject.layout (package:flutter/src/rendering/object.dart:2775:7)
#134    RenderProxyBoxMixin.performLayout (package:flutter/src/rendering/proxy_box.dart:115:18)
#135    RenderObject.layout (package:flutter/src/rendering/object.dart:2775:7)
#136    RenderProxyBoxMixin.performLayout (package:flutter/src/rendering/proxy_box.dart:115:18)
#137    RenderObject.layout (package:flutter/src/rendering/object.dart:2775:7)
#138    RenderProxyBoxMixin.performLayout (package:flutter/src/rendering/proxy_box.dart:115:18)
#139    RenderOffstage.performLayout (package:flutter/src/rendering/proxy_box.dart:3848:13)
#140    RenderObject.layout (package:flutter/src/rendering/object.dart:2775:7)
#141    RenderProxyBoxMixin.performLayout (package:flutter/src/rendering/proxy_box.dart:115:18)
#142    RenderObject.layout (package:flutter/src/rendering/object.dart:2775:7)
#143    _RenderTheaterMixin.layoutChild (package:flutter/src/widgets/overlay.dart:1084:13)
#144    _RenderTheater.performLayout (package:flutter/src/widgets/overlay.dart:1429:9)
#145    RenderObject.layout (package:flutter/src/rendering/object.dart:2775:7)
#146    RenderProxyBoxMixin.performLayout (package:flutter/src/rendering/proxy_box.dart:115:18)
#147    RenderObject.layout (package:flutter/src/rendering/object.dart:2775:7)
#148    RenderProxyBoxMixin.performLayout (package:flutter/src/rendering/proxy_box.dart:115:18)
#149    RenderObject.layout (package:flutter/src/rendering/object.dart:2775:7)
#150    RenderProxyBoxMixin.performLayout (package:flutter/src/rendering/proxy_box.dart:115:18)
#151    RenderObject.layout (package:flutter/src/rendering/object.dart:2775:7)
#152    RenderProxyBoxMixin.performLayout (package:flutter/src/rendering/proxy_box.dart:115:18)
#153    RenderCustomPaint.performLayout (package:flutter/src/rendering/custom_paint.dart:574:11)
#154    RenderObject.layout (package:flutter/src/rendering/object.dart:2775:7)
#155    RenderProxyBoxMixin.performLayout (package:flutter/src/rendering/proxy_box.dart:115:18)
#156    RenderObject.layout (package:flutter/src/rendering/object.dart:2775:7)
#157    RenderProxyBoxMixin.performLayout (package:flutter/src/rendering/proxy_box.dart:115:18)
#158    RenderObject.layout (package:flutter/src/rendering/object.dart:2775:7)
#159    RenderProxyBoxMixin.performLayout (package:flutter/src/rendering/proxy_box.dart:115:18)
#160    RenderObject.layout (package:flutter/src/rendering/object.dart:2775:7)
#161    RenderProxyBoxMixin.performLayout (package:flutter/src/rendering/proxy_box.dart:115:18)
#162    RenderObject.layout (package:flutter/src/rendering/object.dart:2775:7)
#163    RenderProxyBoxMixin.performLayout (package:flutter/src/rendering/proxy_box.dart:115:18)
#164    RenderObject.layout (package:flutter/src/rendering/object.dart:2775:7)
#165    RenderProxyBoxMixin.performLayout (package:flutter/src/rendering/proxy_box.dart:115:18)
#166    RenderObject.layout (package:flutter/src/rendering/object.dart:2775:7)
#167    RenderView.performLayout (package:flutter/src/rendering/view.dart:294:12)
#168    RenderObject._layoutWithoutResize (package:flutter/src/rendering/object.dart:2623:7)
#169    PipelineOwner.flushLayout (package:flutter/src/rendering/object.dart:1170:18)
#170    PipelineOwner.flushLayout (package:flutter/src/rendering/object.dart:1183:15)
#171    AutomatedTestWidgetsFlutterBinding.drawFrame (package:flutter_test/src/binding.dart:1508:27)
#172    RendererBinding._handlePersistentFrameCallback (package:flutter/src/rendering/binding.dart:495:5)
#173    SchedulerBinding._invokeFrameCallback (package:flutter/src/scheduler/binding.dart:1434:15)
#174    SchedulerBinding.handleDrawFrame (package:flutter/src/scheduler/binding.dart:1347:9)
#175    AutomatedTestWidgetsFlutterBinding.pump.<anonymous closure> (package:flutter_test/src/binding.dart:1335:9)
#178    TestAsyncUtils.guard (package:flutter_test/src/test_async_utils.dart:74:41)
#179    AutomatedTestWidgetsFlutterBinding.pump (package:flutter_test/src/binding.dart:1324:27)
#180    WidgetTester.pumpWidget.<anonymous closure> (package:flutter_test/src/widget_tester.dart:598:22)
#183    TestAsyncUtils.guard (package:flutter_test/src/test_async_utils.dart:74:41)
#184    WidgetTester.pumpWidget (package:flutter_test/src/widget_tester.dart:595:27)
#185    main.<anonymous closure> (file:///C:/Users/moust/OneDrive/Desktop/mauri_in/test/textfield_test.dart:15:20)
#186    testWidgets.<anonymous closure>.<anonymous closure> (package:flutter_test/src/widget_tester.dart:192:29)
<asynchronous suspension>
#187    TestWidgetsFlutterBinding._runTestBody (package:flutter_test/src/binding.dart:1059:5)
<asynchronous suspension>
<asynchronous suspension>
(elided 8 frames from dart:async and package:stack_trace)

Timer (duration: 0:00:00.000000, periodic: false), created:
#0      new FakeTimer._ (package:fake_async/fake_async.dart:342:62)
#1      FakeAsync._createTimer (package:fake_async/fake_async.dart:260:29)
#2      FakeAsync.run.<anonymous closure> (package:fake_async/fake_async.dart:185:15)
#6      _AnimateState._restart (package:flutter_animate/src/animate.dart:318:23)
#7      _AnimateState.initState (package:flutter_animate/src/animate.dart:290:5)
#8      StatefulElement._firstBuild (package:flutter/src/widgets/framework.dart:5953:55)
#9      ComponentElement.mount (package:flutter/src/widgets/framework.dart:5796:5)
#10     Element.inflateWidget (package:flutter/src/widgets/framework.dart:4590:20)
#11     MultiChildRenderObjectElement.inflateWidget (package:flutter/src/widgets/framework.dart:7269:36)
#12     MultiChildRenderObjectElement.mount (package:flutter/src/widgets/framework.dart:7285:32)
...     Normal element mounting (41 frames)
#53     Element.inflateWidget (package:flutter/src/widgets/framework.dart:4590:20)
#54     Element.updateChild (package:flutter/src/widgets/framework.dart:4059:18)
#55     SliverMultiBoxAdaptorElement.updateChild (package:flutter/src/widgets/sliver.dart:1068:37)
#56     SliverMultiBoxAdaptorElement.createChild.<anonymous closure> (package:flutter/src/widgets/sliver.dart:1052:20)
#57     BuildOwner.buildScope (package:flutter/src/widgets/framework.dart:3101:19)
#58     SliverMultiBoxAdaptorElement.createChild (package:flutter/src/widgets/sliver.dart:1042:12)
#59     RenderSliverMultiBoxAdaptor._createOrObtainChild.<anonymous closure> (package:flutter/src/rendering/sliver_multi_box_adaptor.dart:372:23)
#60     RenderObject.invokeLayoutCallback.<anonymous closure> (package:flutter/src/rendering/object.dart:2894:17)
#61     PipelineOwner._enableMutationsToDirtySubtrees (package:flutter/src/rendering/object.dart:1219:15)
#62     RenderObject.invokeLayoutCallback (package:flutter/src/rendering/object.dart:2893:14)
#63     RenderSliverMultiBoxAdaptor._createOrObtainChild (package:flutter/src/rendering/sliver_multi_box_adaptor.dart:360:5)
#64     RenderSliverMultiBoxAdaptor.insertAndLayoutChild (package:flutter/src/rendering/sliver_multi_box_adaptor.dart:523:5)
#65     RenderSliverList.performLayout.advance (package:flutter/src/rendering/sliver_list.dart:242:19)
#66     RenderSliverList.performLayout (package:flutter/src/rendering/sliver_list.dart:283:12)
#67     RenderObject.layout (package:flutter/src/rendering/object.dart:2775:7)
#68     RenderSliverEdgeInsetsPadding.performLayout (package:flutter/src/rendering/sliver_padding.dart:133:12)
#69     RenderSliverPadding.performLayout (package:flutter/src/rendering/sliver_padding.dart:371:11)
#70     RenderObject.layout (package:flutter/src/rendering/object.dart:2775:7)
#71     RenderViewportBase.layoutChildSequence (package:flutter/src/rendering/viewport.dart:673:13)
#72     RenderViewport._attemptLayout (package:flutter/src/rendering/viewport.dart:1684:12)
#73     RenderViewport.performLayout (package:flutter/src/rendering/viewport.dart:1575:20)
#74     RenderObject.layout (package:flutter/src/rendering/object.dart:2775:7)
#75     RenderProxyBoxMixin.performLayout (package:flutter/src/rendering/proxy_box.dart:115:18)
#76     RenderObject.layout (package:flutter/src/rendering/object.dart:2775:7)
#77     RenderProxyBoxMixin.performLayout (package:flutter/src/rendering/proxy_box.dart:115:18)
#78     RenderObject.layout (package:flutter/src/rendering/object.dart:2775:7)
#79     RenderProxyBoxMixin.performLayout (package:flutter/src/rendering/proxy_box.dart:115:18)
#80     RenderObject.layout (package:flutter/src/rendering/object.dart:2775:7)
#81     RenderProxyBoxMixin.performLayout (package:flutter/src/rendering/proxy_box.dart:115:18)
#82     RenderObject.layout (package:flutter/src/rendering/object.dart:2775:7)
#83     RenderProxyBoxMixin.performLayout (package:flutter/src/rendering/proxy_box.dart:115:18)
#84     RenderObject.layout (package:flutter/src/rendering/object.dart:2775:7)
#85     RenderProxyBoxMixin.performLayout (package:flutter/src/rendering/proxy_box.dart:115:18)
#86     RenderObject.layout (package:flutter/src/rendering/object.dart:2775:7)
#87     RenderProxyBoxMixin.performLayout (package:flutter/src/rendering/proxy_box.dart:115:18)
#88     RenderObject.layout (package:flutter/src/rendering/object.dart:2775:7)
#89     RenderProxyBoxMixin.performLayout (package:flutter/src/rendering/proxy_box.dart:115:18)
#90     _RenderCustomClip.performLayout (package:flutter/src/rendering/proxy_box.dart:1481:11)
#91     RenderObject.layout (package:flutter/src/rendering/object.dart:2775:7)
#92     ChildLayoutHelper.layoutChild (package:flutter/src/rendering/layout_helper.dart:62:11)
#93     RenderFlex._computeSizes (package:flutter/src/rendering/flex.dart:1203:26)
#94     RenderFlex.performLayout (package:flutter/src/rendering/flex.dart:1257:32)
#95     RenderObject.layout (package:flutter/src/rendering/object.dart:2775:7)
#96     RenderPadding.performLayout (package:flutter/src/rendering/shifted_box.dart:243:12)
#97     RenderObject.layout (package:flutter/src/rendering/object.dart:2775:7)
#98     MultiChildLayoutDelegate.layoutChild (package:flutter/src/rendering/custom_layout.dart:180:12)
#99     _ScaffoldLayout.performLayout (package:flutter/src/material/scaffold.dart:1112:7)
#100    MultiChildLayoutDelegate._callPerformLayout (package:flutter/src/rendering/custom_layout.dart:249:7)
#101    RenderCustomMultiChildLayoutBox.performLayout (package:flutter/src/rendering/custom_layout.dart:420:14)
#102    RenderObject.layout (package:flutter/src/rendering/object.dart:2775:7)
#103    RenderProxyBoxMixin.performLayout (package:flutter/src/rendering/proxy_box.dart:115:18)
#104    RenderObject.layout (package:flutter/src/rendering/object.dart:2775:7)
#105    RenderProxyBoxMixin.performLayout (package:flutter/src/rendering/proxy_box.dart:115:18)
#106    _RenderCustomClip.performLayout (package:flutter/src/rendering/proxy_box.dart:1481:11)
#107    RenderObject.layout (package:flutter/src/rendering/object.dart:2775:7)
#108    RenderProxyBoxMixin.performLayout (package:flutter/src/rendering/proxy_box.dart:115:18)
#109    RenderObject.layout (package:flutter/src/rendering/object.dart:2775:7)
#110    RenderProxyBoxMixin.performLayout (package:flutter/src/rendering/proxy_box.dart:115:18)
#111    RenderObject.layout (package:flutter/src/rendering/object.dart:2775:7)
#112    RenderProxyBoxMixin.performLayout (package:flutter/src/rendering/proxy_box.dart:115:18)
#113    RenderObject.layout (package:flutter/src/rendering/object.dart:2775:7)
#114    RenderProxyBoxMixin.performLayout (package:flutter/src/rendering/proxy_box.dart:115:18)
#115    RenderObject.layout (package:flutter/src/rendering/object.dart:2775:7)
#116    RenderProxyBoxMixin.performLayout (package:flutter/src/rendering/proxy_box.dart:115:18)
#117    RenderObject.layout (package:flutter/src/rendering/object.dart:2775:7)
#118    RenderProxyBoxMixin.performLayout (package:flutter/src/rendering/proxy_box.dart:115:18)
#119    RenderObject.layout (package:flutter/src/rendering/object.dart:2775:7)
#120    RenderProxyBoxMixin.performLayout (package:flutter/src/rendering/proxy_box.dart:115:18)
#121    RenderObject.layout (package:flutter/src/rendering/object.dart:2775:7)
#122    RenderProxyBoxMixin.performLayout (package:flutter/src/rendering/proxy_box.dart:115:18)
#123    RenderObject.layout (package:flutter/src/rendering/object.dart:2775:7)
#124    RenderProxyBoxMixin.performLayout (package:flutter/src/rendering/proxy_box.dart:115:18)
#125    RenderObject.layout (package:flutter/src/rendering/object.dart:2775:7)
#126    RenderProxyBoxMixin.performLayout (package:flutter/src/rendering/proxy_box.dart:115:18)
#127    RenderObject.layout (package:flutter/src/rendering/object.dart:2775:7)
#128    RenderProxyBoxMixin.performLayout (package:flutter/src/rendering/proxy_box.dart:115:18)
#129    RenderObject.layout (package:flutter/src/rendering/object.dart:2775:7)
#130    RenderProxyBoxMixin.performLayout (package:flutter/src/rendering/proxy_box.dart:115:18)
#131    RenderObject.layout (package:flutter/src/rendering/object.dart:2775:7)
#132    RenderProxyBoxMixin.performLayout (package:flutter/src/rendering/proxy_box.dart:115:18)
#133    RenderObject.layout (package:flutter/src/rendering/object.dart:2775:7)
#134    RenderProxyBoxMixin.performLayout (package:flutter/src/rendering/proxy_box.dart:115:18)
#135    RenderObject.layout (package:flutter/src/rendering/object.dart:2775:7)
#136    RenderProxyBoxMixin.performLayout (package:flutter/src/rendering/proxy_box.dart:115:18)
#137    RenderObject.layout (package:flutter/src/rendering/object.dart:2775:7)
#138    RenderProxyBoxMixin.performLayout (package:flutter/src/rendering/proxy_box.dart:115:18)
#139    RenderOffstage.performLayout (package:flutter/src/rendering/proxy_box.dart:3848:13)
#140    RenderObject.layout (package:flutter/src/rendering/object.dart:2775:7)
#141    RenderProxyBoxMixin.performLayout (package:flutter/src/rendering/proxy_box.dart:115:18)
#142    RenderObject.layout (package:flutter/src/rendering/object.dart:2775:7)
#143    _RenderTheaterMixin.layoutChild (package:flutter/src/widgets/overlay.dart:1084:13)
#144    _RenderTheater.performLayout (package:flutter/src/widgets/overlay.dart:1429:9)
#145    RenderObject.layout (package:flutter/src/rendering/object.dart:2775:7)
#146    RenderProxyBoxMixin.performLayout (package:flutter/src/rendering/proxy_box.dart:115:18)
#147    RenderObject.layout (package:flutter/src/rendering/object.dart:2775:7)
#148    RenderProxyBoxMixin.performLayout (package:flutter/src/rendering/proxy_box.dart:115:18)
#149    RenderObject.layout (package:flutter/src/rendering/object.dart:2775:7)
#150    RenderProxyBoxMixin.performLayout (package:flutter/src/rendering/proxy_box.dart:115:18)
#151    RenderObject.layout (package:flutter/src/rendering/object.dart:2775:7)
#152    RenderProxyBoxMixin.performLayout (package:flutter/src/rendering/proxy_box.dart:115:18)
#153    RenderCustomPaint.performLayout (package:flutter/src/rendering/custom_paint.dart:574:11)
#154    RenderObject.layout (package:flutter/src/rendering/object.dart:2775:7)
#155    RenderProxyBoxMixin.performLayout (package:flutter/src/rendering/proxy_box.dart:115:18)
#156    RenderObject.layout (package:flutter/src/rendering/object.dart:2775:7)
#157    RenderProxyBoxMixin.performLayout (package:flutter/src/rendering/proxy_box.dart:115:18)
#158    RenderObject.layout (package:flutter/src/rendering/object.dart:2775:7)
#159    RenderProxyBoxMixin.performLayout (package:flutter/src/rendering/proxy_box.dart:115:18)
#160    RenderObject.layout (package:flutter/src/rendering/object.dart:2775:7)
#161    RenderProxyBoxMixin.performLayout (package:flutter/src/rendering/proxy_box.dart:115:18)
#162    RenderObject.layout (package:flutter/src/rendering/object.dart:2775:7)
#163    RenderProxyBoxMixin.performLayout (package:flutter/src/rendering/proxy_box.dart:115:18)
#164    RenderObject.layout (package:flutter/src/rendering/object.dart:2775:7)
#165    RenderProxyBoxMixin.performLayout (package:flutter/src/rendering/proxy_box.dart:115:18)
#166    RenderObject.layout (package:flutter/src/rendering/object.dart:2775:7)
#167    RenderView.performLayout (package:flutter/src/rendering/view.dart:294:12)
#168    RenderObject._layoutWithoutResize (package:flutter/src/rendering/object.dart:2623:7)
#169    PipelineOwner.flushLayout (package:flutter/src/rendering/object.dart:1170:18)
#170    PipelineOwner.flushLayout (package:flutter/src/rendering/object.dart:1183:15)
#171    AutomatedTestWidgetsFlutterBinding.drawFrame (package:flutter_test/src/binding.dart:1508:27)
#172    RendererBinding._handlePersistentFrameCallback (package:flutter/src/rendering/binding.dart:495:5)
#173    SchedulerBinding._invokeFrameCallback (package:flutter/src/scheduler/binding.dart:1434:15)
#174    SchedulerBinding.handleDrawFrame (package:flutter/src/scheduler/binding.dart:1347:9)
#175    AutomatedTestWidgetsFlutterBinding.pump.<anonymous closure> (package:flutter_test/src/binding.dart:1335:9)
#178    TestAsyncUtils.guard (package:flutter_test/src/test_async_utils.dart:74:41)
#179    AutomatedTestWidgetsFlutterBinding.pump (package:flutter_test/src/binding.dart:1324:27)
#180    WidgetTester.pumpWidget.<anonymous closure> (package:flutter_test/src/widget_tester.dart:598:22)
#183    TestAsyncUtils.guard (package:flutter_test/src/test_async_utils.dart:74:41)
#184    WidgetTester.pumpWidget (package:flutter_test/src/widget_tester.dart:595:27)
#185    main.<anonymous closure> (file:///C:/Users/moust/OneDrive/Desktop/mauri_in/test/textfield_test.dart:15:20)
#186    testWidgets.<anonymous closure>.<anonymous closure> (package:flutter_test/src/widget_tester.dart:192:29)
<asynchronous suspension>
#187    TestWidgetsFlutterBinding._runTestBody (package:flutter_test/src/binding.dart:1059:5)
<asynchronous suspension>
<asynchronous suspension>
(elided 8 frames from dart:async and package:stack_trace)

Timer (duration: 0:00:00.000000, periodic: false), created:
#0      new FakeTimer._ (package:fake_async/fake_async.dart:342:62)
#1      FakeAsync._createTimer (package:fake_async/fake_async.dart:260:29)
#2      FakeAsync.run.<anonymous closure> (package:fake_async/fake_async.dart:185:15)
#6      _AnimateState._restart (package:flutter_animate/src/animate.dart:318:23)
#7      _AnimateState.initState (package:flutter_animate/src/animate.dart:290:5)
#8      StatefulElement._firstBuild (package:flutter/src/widgets/framework.dart:5953:55)
#9      ComponentElement.mount (package:flutter/src/widgets/framework.dart:5796:5)
#10     Element.inflateWidget (package:flutter/src/widgets/framework.dart:4590:20)
#11     MultiChildRenderObjectElement.inflateWidget (package:flutter/src/widgets/framework.dart:7269:36)
#12     MultiChildRenderObjectElement.mount (package:flutter/src/widgets/framework.dart:7285:32)
...     Normal element mounting (41 frames)
#53     Element.inflateWidget (package:flutter/src/widgets/framework.dart:4590:20)
#54     Element.updateChild (package:flutter/src/widgets/framework.dart:4059:18)
#55     SliverMultiBoxAdaptorElement.updateChild (package:flutter/src/widgets/sliver.dart:1068:37)
#56     SliverMultiBoxAdaptorElement.createChild.<anonymous closure> (package:flutter/src/widgets/sliver.dart:1052:20)
#57     BuildOwner.buildScope (package:flutter/src/widgets/framework.dart:3101:19)
#58     SliverMultiBoxAdaptorElement.createChild (package:flutter/src/widgets/sliver.dart:1042:12)
#59     RenderSliverMultiBoxAdaptor._createOrObtainChild.<anonymous closure> (package:flutter/src/rendering/sliver_multi_box_adaptor.dart:372:23)
#60     RenderObject.invokeLayoutCallback.<anonymous closure> (package:flutter/src/rendering/object.dart:2894:17)
#61     PipelineOwner._enableMutationsToDirtySubtrees (package:flutter/src/rendering/object.dart:1219:15)
#62     RenderObject.invokeLayoutCallback (package:flutter/src/rendering/object.dart:2893:14)
#63     RenderSliverMultiBoxAdaptor._createOrObtainChild (package:flutter/src/rendering/sliver_multi_box_adaptor.dart:360:5)
#64     RenderSliverMultiBoxAdaptor.insertAndLayoutChild (package:flutter/src/rendering/sliver_multi_box_adaptor.dart:523:5)
#65     RenderSliverList.performLayout.advance (package:flutter/src/rendering/sliver_list.dart:242:19)
#66     RenderSliverList.performLayout (package:flutter/src/rendering/sliver_list.dart:283:12)
#67     RenderObject.layout (package:flutter/src/rendering/object.dart:2775:7)
#68     RenderSliverEdgeInsetsPadding.performLayout (package:flutter/src/rendering/sliver_padding.dart:133:12)
#69     RenderSliverPadding.performLayout (package:flutter/src/rendering/sliver_padding.dart:371:11)
#70     RenderObject.layout (package:flutter/src/rendering/object.dart:2775:7)
#71     RenderViewportBase.layoutChildSequence (package:flutter/src/rendering/viewport.dart:673:13)
#72     RenderViewport._attemptLayout (package:flutter/src/rendering/viewport.dart:1684:12)
#73     RenderViewport.performLayout (package:flutter/src/rendering/viewport.dart:1575:20)
#74     RenderObject.layout (package:flutter/src/rendering/object.dart:2775:7)
#75     RenderProxyBoxMixin.performLayout (package:flutter/src/rendering/proxy_box.dart:115:18)
#76     RenderObject.layout (package:flutter/src/rendering/object.dart:2775:7)
#77     RenderProxyBoxMixin.performLayout (package:flutter/src/rendering/proxy_box.dart:115:18)
#78     RenderObject.layout (package:flutter/src/rendering/object.dart:2775:7)
#79     RenderProxyBoxMixin.performLayout (package:flutter/src/rendering/proxy_box.dart:115:18)
#80     RenderObject.layout (package:flutter/src/rendering/object.dart:2775:7)
#81     RenderProxyBoxMixin.performLayout (package:flutter/src/rendering/proxy_box.dart:115:18)
#82     RenderObject.layout (package:flutter/src/rendering/object.dart:2775:7)
#83     RenderProxyBoxMixin.performLayout (package:flutter/src/rendering/proxy_box.dart:115:18)
#84     RenderObject.layout (package:flutter/src/rendering/object.dart:2775:7)
#85     RenderProxyBoxMixin.performLayout (package:flutter/src/rendering/proxy_box.dart:115:18)
#86     RenderObject.layout (package:flutter/src/rendering/object.dart:2775:7)
#87     RenderProxyBoxMixin.performLayout (package:flutter/src/rendering/proxy_box.dart:115:18)
#88     RenderObject.layout (package:flutter/src/rendering/object.dart:2775:7)
#89     RenderProxyBoxMixin.performLayout (package:flutter/src/rendering/proxy_box.dart:115:18)
#90     _RenderCustomClip.performLayout (package:flutter/src/rendering/proxy_box.dart:1481:11)
#91     RenderObject.layout (package:flutter/src/rendering/object.dart:2775:7)
#92     ChildLayoutHelper.layoutChild (package:flutter/src/rendering/layout_helper.dart:62:11)
#93     RenderFlex._computeSizes (package:flutter/src/rendering/flex.dart:1203:26)
#94     RenderFlex.performLayout (package:flutter/src/rendering/flex.dart:1257:32)
#95     RenderObject.layout (package:flutter/src/rendering/object.dart:2775:7)
#96     RenderPadding.performLayout (package:flutter/src/rendering/shifted_box.dart:243:12)
#97     RenderObject.layout (package:flutter/src/rendering/object.dart:2775:7)
#98     MultiChildLayoutDelegate.layoutChild (package:flutter/src/rendering/custom_layout.dart:180:12)
#99     _ScaffoldLayout.performLayout (package:flutter/src/material/scaffold.dart:1112:7)
#100    MultiChildLayoutDelegate._callPerformLayout (package:flutter/src/rendering/custom_layout.dart:249:7)
#101    RenderCustomMultiChildLayoutBox.performLayout (package:flutter/src/rendering/custom_layout.dart:420:14)
#102    RenderObject.layout (package:flutter/src/rendering/object.dart:2775:7)
#103    RenderProxyBoxMixin.performLayout (package:flutter/src/rendering/proxy_box.dart:115:18)
#104    RenderObject.layout (package:flutter/src/rendering/object.dart:2775:7)
#105    RenderProxyBoxMixin.performLayout (package:flutter/src/rendering/proxy_box.dart:115:18)
#106    _RenderCustomClip.performLayout (package:flutter/src/rendering/proxy_box.dart:1481:11)
#107    RenderObject.layout (package:flutter/src/rendering/object.dart:2775:7)
#108    RenderProxyBoxMixin.performLayout (package:flutter/src/rendering/proxy_box.dart:115:18)
#109    RenderObject.layout (package:flutter/src/rendering/object.dart:2775:7)
#110    RenderProxyBoxMixin.performLayout (package:flutter/src/rendering/proxy_box.dart:115:18)
#111    RenderObject.layout (package:flutter/src/rendering/object.dart:2775:7)
#112    RenderProxyBoxMixin.performLayout (package:flutter/src/rendering/proxy_box.dart:115:18)
#113    RenderObject.layout (package:flutter/src/rendering/object.dart:2775:7)
#114    RenderProxyBoxMixin.performLayout (package:flutter/src/rendering/proxy_box.dart:115:18)
#115    RenderObject.layout (package:flutter/src/rendering/object.dart:2775:7)
#116    RenderProxyBoxMixin.performLayout (package:flutter/src/rendering/proxy_box.dart:115:18)
#117    RenderObject.layout (package:flutter/src/rendering/object.dart:2775:7)
#118    RenderProxyBoxMixin.performLayout (package:flutter/src/rendering/proxy_box.dart:115:18)
#119    RenderObject.layout (package:flutter/src/rendering/object.dart:2775:7)
#120    RenderProxyBoxMixin.performLayout (package:flutter/src/rendering/proxy_box.dart:115:18)
#121    RenderObject.layout (package:flutter/src/rendering/object.dart:2775:7)
#122    RenderProxyBoxMixin.performLayout (package:flutter/src/rendering/proxy_box.dart:115:18)
#123    RenderObject.layout (package:flutter/src/rendering/object.dart:2775:7)
#124    RenderProxyBoxMixin.performLayout (package:flutter/src/rendering/proxy_box.dart:115:18)
#125    RenderObject.layout (package:flutter/src/rendering/object.dart:2775:7)
#126    RenderProxyBoxMixin.performLayout (package:flutter/src/rendering/proxy_box.dart:115:18)
#127    RenderObject.layout (package:flutter/src/rendering/object.dart:2775:7)
#128    RenderProxyBoxMixin.performLayout (package:flutter/src/rendering/proxy_box.dart:115:18)
#129    RenderObject.layout (package:flutter/src/rendering/object.dart:2775:7)
#130    RenderProxyBoxMixin.performLayout (package:flutter/src/rendering/proxy_box.dart:115:18)
#131    RenderObject.layout (package:flutter/src/rendering/object.dart:2775:7)
#132    RenderProxyBoxMixin.performLayout (package:flutter/src/rendering/proxy_box.dart:115:18)
#133    RenderObject.layout (package:flutter/src/rendering/object.dart:2775:7)
#134    RenderProxyBoxMixin.performLayout (package:flutter/src/rendering/proxy_box.dart:115:18)
#135    RenderObject.layout (package:flutter/src/rendering/object.dart:2775:7)
#136    RenderProxyBoxMixin.performLayout (package:flutter/src/rendering/proxy_box.dart:115:18)
#137    RenderObject.layout (package:flutter/src/rendering/object.dart:2775:7)
#138    RenderProxyBoxMixin.performLayout (package:flutter/src/rendering/proxy_box.dart:115:18)
#139    RenderOffstage.performLayout (package:flutter/src/rendering/proxy_box.dart:3848:13)
#140    RenderObject.layout (package:flutter/src/rendering/object.dart:2775:7)
#141    RenderProxyBoxMixin.performLayout (package:flutter/src/rendering/proxy_box.dart:115:18)
#142    RenderObject.layout (package:flutter/src/rendering/object.dart:2775:7)
#143    _RenderTheaterMixin.layoutChild (package:flutter/src/widgets/overlay.dart:1084:13)
#144    _RenderTheater.performLayout (package:flutter/src/widgets/overlay.dart:1429:9)
#145    RenderObject.layout (package:flutter/src/rendering/object.dart:2775:7)
#146    RenderProxyBoxMixin.performLayout (package:flutter/src/rendering/proxy_box.dart:115:18)
#147    RenderObject.layout (package:flutter/src/rendering/object.dart:2775:7)
#148    RenderProxyBoxMixin.performLayout (package:flutter/src/rendering/proxy_box.dart:115:18)
#149    RenderObject.layout (package:flutter/src/rendering/object.dart:2775:7)
#150    RenderProxyBoxMixin.performLayout (package:flutter/src/rendering/proxy_box.dart:115:18)
#151    RenderObject.layout (package:flutter/src/rendering/object.dart:2775:7)
#152    RenderProxyBoxMixin.performLayout (package:flutter/src/rendering/proxy_box.dart:115:18)
#153    RenderCustomPaint.performLayout (package:flutter/src/rendering/custom_paint.dart:574:11)
#154    RenderObject.layout (package:flutter/src/rendering/object.dart:2775:7)
#155    RenderProxyBoxMixin.performLayout (package:flutter/src/rendering/proxy_box.dart:115:18)
#156    RenderObject.layout (package:flutter/src/rendering/object.dart:2775:7)
#157    RenderProxyBoxMixin.performLayout (package:flutter/src/rendering/proxy_box.dart:115:18)
#158    RenderObject.layout (package:flutter/src/rendering/object.dart:2775:7)
#159    RenderProxyBoxMixin.performLayout (package:flutter/src/rendering/proxy_box.dart:115:18)
#160    RenderObject.layout (package:flutter/src/rendering/object.dart:2775:7)
#161    RenderProxyBoxMixin.performLayout (package:flutter/src/rendering/proxy_box.dart:115:18)
#162    RenderObject.layout (package:flutter/src/rendering/object.dart:2775:7)
#163    RenderProxyBoxMixin.performLayout (package:flutter/src/rendering/proxy_box.dart:115:18)
#164    RenderObject.layout (package:flutter/src/rendering/object.dart:2775:7)
#165    RenderProxyBoxMixin.performLayout (package:flutter/src/rendering/proxy_box.dart:115:18)
#166    RenderObject.layout (package:flutter/src/rendering/object.dart:2775:7)
#167    RenderView.performLayout (package:flutter/src/rendering/view.dart:294:12)
#168    RenderObject._layoutWithoutResize (package:flutter/src/rendering/object.dart:2623:7)
#169    PipelineOwner.flushLayout (package:flutter/src/rendering/object.dart:1170:18)
#170    PipelineOwner.flushLayout (package:flutter/src/rendering/object.dart:1183:15)
#171    AutomatedTestWidgetsFlutterBinding.drawFrame (package:flutter_test/src/binding.dart:1508:27)
#172    RendererBinding._handlePersistentFrameCallback (package:flutter/src/rendering/binding.dart:495:5)
#173    SchedulerBinding._invokeFrameCallback (package:flutter/src/scheduler/binding.dart:1434:15)
#174    SchedulerBinding.handleDrawFrame (package:flutter/src/scheduler/binding.dart:1347:9)
#175    AutomatedTestWidgetsFlutterBinding.pump.<anonymous closure> (package:flutter_test/src/binding.dart:1335:9)
#178    TestAsyncUtils.guard (package:flutter_test/src/test_async_utils.dart:74:41)
#179    AutomatedTestWidgetsFlutterBinding.pump (package:flutter_test/src/binding.dart:1324:27)
#180    WidgetTester.pumpWidget.<anonymous closure> (package:flutter_test/src/widget_tester.dart:598:22)
#183    TestAsyncUtils.guard (package:flutter_test/src/test_async_utils.dart:74:41)
#184    WidgetTester.pumpWidget (package:flutter_test/src/widget_tester.dart:595:27)
#185    main.<anonymous closure> (file:///C:/Users/moust/OneDrive/Desktop/mauri_in/test/textfield_test.dart:15:20)
#186    testWidgets.<anonymous closure>.<anonymous closure> (package:flutter_test/src/widget_tester.dart:192:29)
<asynchronous suspension>
#187    TestWidgetsFlutterBinding._runTestBody (package:flutter_test/src/binding.dart:1059:5)
<asynchronous suspension>
<asynchronous suspension>
(elided 8 frames from dart:async and package:stack_trace)

Timer (duration: 0:00:00.000000, periodic: false), created:
#0      new FakeTimer._ (package:fake_async/fake_async.dart:342:62)
#1      FakeAsync._createTimer (package:fake_async/fake_async.dart:260:29)
#2      FakeAsync.run.<anonymous closure> (package:fake_async/fake_async.dart:185:15)
#6      _AnimateState._restart (package:flutter_animate/src/animate.dart:318:23)
#7      _AnimateState.initState (package:flutter_animate/src/animate.dart:290:5)
#8      StatefulElement._firstBuild (package:flutter/src/widgets/framework.dart:5953:55)
#9      ComponentElement.mount (package:flutter/src/widgets/framework.dart:5796:5)
#10     Element.inflateWidget (package:flutter/src/widgets/framework.dart:4590:20)
#11     MultiChildRenderObjectElement.inflateWidget (package:flutter/src/widgets/framework.dart:7269:36)
#12     MultiChildRenderObjectElement.mount (package:flutter/src/widgets/framework.dart:7285:32)
...     Normal element mounting (41 frames)
#53     Element.inflateWidget (package:flutter/src/widgets/framework.dart:4590:20)
#54     Element.updateChild (package:flutter/src/widgets/framework.dart:4059:18)
#55     SliverMultiBoxAdaptorElement.updateChild (package:flutter/src/widgets/sliver.dart:1068:37)
#56     SliverMultiBoxAdaptorElement.createChild.<anonymous closure> (package:flutter/src/widgets/sliver.dart:1052:20)
#57     BuildOwner.buildScope (package:flutter/src/widgets/framework.dart:3101:19)
#58     SliverMultiBoxAdaptorElement.createChild (package:flutter/src/widgets/sliver.dart:1042:12)
#59     RenderSliverMultiBoxAdaptor._createOrObtainChild.<anonymous closure> (package:flutter/src/rendering/sliver_multi_box_adaptor.dart:372:23)
#60     RenderObject.invokeLayoutCallback.<anonymous closure> (package:flutter/src/rendering/object.dart:2894:17)
#61     PipelineOwner._enableMutationsToDirtySubtrees (package:flutter/src/rendering/object.dart:1219:15)
#62     RenderObject.invokeLayoutCallback (package:flutter/src/rendering/object.dart:2893:14)
#63     RenderSliverMultiBoxAdaptor._createOrObtainChild (package:flutter/src/rendering/sliver_multi_box_adaptor.dart:360:5)
#64     RenderSliverMultiBoxAdaptor.insertAndLayoutChild (package:flutter/src/rendering/sliver_multi_box_adaptor.dart:523:5)
#65     RenderSliverList.performLayout.advance (package:flutter/src/rendering/sliver_list.dart:242:19)
#66     RenderSliverList.performLayout (package:flutter/src/rendering/sliver_list.dart:283:12)
#67     RenderObject.layout (package:flutter/src/rendering/object.dart:2775:7)
#68     RenderSliverEdgeInsetsPadding.performLayout (package:flutter/src/rendering/sliver_padding.dart:133:12)
#69     RenderSliverPadding.performLayout (package:flutter/src/rendering/sliver_padding.dart:371:11)
#70     RenderObject.layout (package:flutter/src/rendering/object.dart:2775:7)
#71     RenderViewportBase.layoutChildSequence (package:flutter/src/rendering/viewport.dart:673:13)
#72     RenderViewport._attemptLayout (package:flutter/src/rendering/viewport.dart:1684:12)
#73     RenderViewport.performLayout (package:flutter/src/rendering/viewport.dart:1575:20)
#74     RenderObject.layout (package:flutter/src/rendering/object.dart:2775:7)
#75     RenderProxyBoxMixin.performLayout (package:flutter/src/rendering/proxy_box.dart:115:18)
#76     RenderObject.layout (package:flutter/src/rendering/object.dart:2775:7)
#77     RenderProxyBoxMixin.performLayout (package:flutter/src/rendering/proxy_box.dart:115:18)
#78     RenderObject.layout (package:flutter/src/rendering/object.dart:2775:7)
#79     RenderProxyBoxMixin.performLayout (package:flutter/src/rendering/proxy_box.dart:115:18)
#80     RenderObject.layout (package:flutter/src/rendering/object.dart:2775:7)
#81     RenderProxyBoxMixin.performLayout (package:flutter/src/rendering/proxy_box.dart:115:18)
#82     RenderObject.layout (package:flutter/src/rendering/object.dart:2775:7)
#83     RenderProxyBoxMixin.performLayout (package:flutter/src/rendering/proxy_box.dart:115:18)
#84     RenderObject.layout (package:flutter/src/rendering/object.dart:2775:7)
#85     RenderProxyBoxMixin.performLayout (package:flutter/src/rendering/proxy_box.dart:115:18)
#86     RenderObject.layout (package:flutter/src/rendering/object.dart:2775:7)
#87     RenderProxyBoxMixin.performLayout (package:flutter/src/rendering/proxy_box.dart:115:18)
#88     RenderObject.layout (package:flutter/src/rendering/object.dart:2775:7)
#89     RenderProxyBoxMixin.performLayout (package:flutter/src/rendering/proxy_box.dart:115:18)
#90     _RenderCustomClip.performLayout (package:flutter/src/rendering/proxy_box.dart:1481:11)
#91     RenderObject.layout (package:flutter/src/rendering/object.dart:2775:7)
#92     ChildLayoutHelper.layoutChild (package:flutter/src/rendering/layout_helper.dart:62:11)
#93     RenderFlex._computeSizes (package:flutter/src/rendering/flex.dart:1203:26)
#94     RenderFlex.performLayout (package:flutter/src/rendering/flex.dart:1257:32)
#95     RenderObject.layout (package:flutter/src/rendering/object.dart:2775:7)
#96     RenderPadding.performLayout (package:flutter/src/rendering/shifted_box.dart:243:12)
#97     RenderObject.layout (package:flutter/src/rendering/object.dart:2775:7)
#98     MultiChildLayoutDelegate.layoutChild (package:flutter/src/rendering/custom_layout.dart:180:12)
#99     _ScaffoldLayout.performLayout (package:flutter/src/material/scaffold.dart:1112:7)
#100    MultiChildLayoutDelegate._callPerformLayout (package:flutter/src/rendering/custom_layout.dart:249:7)
#101    RenderCustomMultiChildLayoutBox.performLayout (package:flutter/src/rendering/custom_layout.dart:420:14)
#102    RenderObject.layout (package:flutter/src/rendering/object.dart:2775:7)
#103    RenderProxyBoxMixin.performLayout (package:flutter/src/rendering/proxy_box.dart:115:18)
#104    RenderObject.layout (package:flutter/src/rendering/object.dart:2775:7)
#105    RenderProxyBoxMixin.performLayout (package:flutter/src/rendering/proxy_box.dart:115:18)
#106    _RenderCustomClip.performLayout (package:flutter/src/rendering/proxy_box.dart:1481:11)
#107    RenderObject.layout (package:flutter/src/rendering/object.dart:2775:7)
#108    RenderProxyBoxMixin.performLayout (package:flutter/src/rendering/proxy_box.dart:115:18)
#109    RenderObject.layout (package:flutter/src/rendering/object.dart:2775:7)
#110    RenderProxyBoxMixin.performLayout (package:flutter/src/rendering/proxy_box.dart:115:18)
#111    RenderObject.layout (package:flutter/src/rendering/object.dart:2775:7)
#112    RenderProxyBoxMixin.performLayout (package:flutter/src/rendering/proxy_box.dart:115:18)
#113    RenderObject.layout (package:flutter/src/rendering/object.dart:2775:7)
#114    RenderProxyBoxMixin.performLayout (package:flutter/src/rendering/proxy_box.dart:115:18)
#115    RenderObject.layout (package:flutter/src/rendering/object.dart:2775:7)
#116    RenderProxyBoxMixin.performLayout (package:flutter/src/rendering/proxy_box.dart:115:18)
#117    RenderObject.layout (package:flutter/src/rendering/object.dart:2775:7)
#118    RenderProxyBoxMixin.performLayout (package:flutter/src/rendering/proxy_box.dart:115:18)
#119    RenderObject.layout (package:flutter/src/rendering/object.dart:2775:7)
#120    RenderProxyBoxMixin.performLayout (package:flutter/src/rendering/proxy_box.dart:115:18)
#121    RenderObject.layout (package:flutter/src/rendering/object.dart:2775:7)
#122    RenderProxyBoxMixin.performLayout (package:flutter/src/rendering/proxy_box.dart:115:18)
#123    RenderObject.layout (package:flutter/src/rendering/object.dart:2775:7)
#124    RenderProxyBoxMixin.performLayout (package:flutter/src/rendering/proxy_box.dart:115:18)
#125    RenderObject.layout (package:flutter/src/rendering/object.dart:2775:7)
#126    RenderProxyBoxMixin.performLayout (package:flutter/src/rendering/proxy_box.dart:115:18)
#127    RenderObject.layout (package:flutter/src/rendering/object.dart:2775:7)
#128    RenderProxyBoxMixin.performLayout (package:flutter/src/rendering/proxy_box.dart:115:18)
#129    RenderObject.layout (package:flutter/src/rendering/object.dart:2775:7)
#130    RenderProxyBoxMixin.performLayout (package:flutter/src/rendering/proxy_box.dart:115:18)
#131    RenderObject.layout (package:flutter/src/rendering/object.dart:2775:7)
#132    RenderProxyBoxMixin.performLayout (package:flutter/src/rendering/proxy_box.dart:115:18)
#133    RenderObject.layout (package:flutter/src/rendering/object.dart:2775:7)
#134    RenderProxyBoxMixin.performLayout (package:flutter/src/rendering/proxy_box.dart:115:18)
#135    RenderObject.layout (package:flutter/src/rendering/object.dart:2775:7)
#136    RenderProxyBoxMixin.performLayout (package:flutter/src/rendering/proxy_box.dart:115:18)
#137    RenderObject.layout (package:flutter/src/rendering/object.dart:2775:7)
#138    RenderProxyBoxMixin.performLayout (package:flutter/src/rendering/proxy_box.dart:115:18)
#139    RenderOffstage.performLayout (package:flutter/src/rendering/proxy_box.dart:3848:13)
#140    RenderObject.layout (package:flutter/src/rendering/object.dart:2775:7)
#141    RenderProxyBoxMixin.performLayout (package:flutter/src/rendering/proxy_box.dart:115:18)
#142    RenderObject.layout (package:flutter/src/rendering/object.dart:2775:7)
#143    _RenderTheaterMixin.layoutChild (package:flutter/src/widgets/overlay.dart:1084:13)
#144    _RenderTheater.performLayout (package:flutter/src/widgets/overlay.dart:1429:9)
#145    RenderObject.layout (package:flutter/src/rendering/object.dart:2775:7)
#146    RenderProxyBoxMixin.performLayout (package:flutter/src/rendering/proxy_box.dart:115:18)
#147    RenderObject.layout (package:flutter/src/rendering/object.dart:2775:7)
#148    RenderProxyBoxMixin.performLayout (package:flutter/src/rendering/proxy_box.dart:115:18)
#149    RenderObject.layout (package:flutter/src/rendering/object.dart:2775:7)
#150    RenderProxyBoxMixin.performLayout (package:flutter/src/rendering/proxy_box.dart:115:18)
#151    RenderObject.layout (package:flutter/src/rendering/object.dart:2775:7)
#152    RenderProxyBoxMixin.performLayout (package:flutter/src/rendering/proxy_box.dart:115:18)
#153    RenderCustomPaint.performLayout (package:flutter/src/rendering/custom_paint.dart:574:11)
#154    RenderObject.layout (package:flutter/src/rendering/object.dart:2775:7)
#155    RenderProxyBoxMixin.performLayout (package:flutter/src/rendering/proxy_box.dart:115:18)
#156    RenderObject.layout (package:flutter/src/rendering/object.dart:2775:7)
#157    RenderProxyBoxMixin.performLayout (package:flutter/src/rendering/proxy_box.dart:115:18)
#158    RenderObject.layout (package:flutter/src/rendering/object.dart:2775:7)
#159    RenderProxyBoxMixin.performLayout (package:flutter/src/rendering/proxy_box.dart:115:18)
#160    RenderObject.layout (package:flutter/src/rendering/object.dart:2775:7)
#161    RenderProxyBoxMixin.performLayout (package:flutter/src/rendering/proxy_box.dart:115:18)
#162    RenderObject.layout (package:flutter/src/rendering/object.dart:2775:7)
#163    RenderProxyBoxMixin.performLayout (package:flutter/src/rendering/proxy_box.dart:115:18)
#164    RenderObject.layout (package:flutter/src/rendering/object.dart:2775:7)
#165    RenderProxyBoxMixin.performLayout (package:flutter/src/rendering/proxy_box.dart:115:18)
#166    RenderObject.layout (package:flutter/src/rendering/object.dart:2775:7)
#167    RenderView.performLayout (package:flutter/src/rendering/view.dart:294:12)
#168    RenderObject._layoutWithoutResize (package:flutter/src/rendering/object.dart:2623:7)
#169    PipelineOwner.flushLayout (package:flutter/src/rendering/object.dart:1170:18)
#170    PipelineOwner.flushLayout (package:flutter/src/rendering/object.dart:1183:15)
#171    AutomatedTestWidgetsFlutterBinding.drawFrame (package:flutter_test/src/binding.dart:1508:27)
#172    RendererBinding._handlePersistentFrameCallback (package:flutter/src/rendering/binding.dart:495:5)
#173    SchedulerBinding._invokeFrameCallback (package:flutter/src/scheduler/binding.dart:1434:15)
#174    SchedulerBinding.handleDrawFrame (package:flutter/src/scheduler/binding.dart:1347:9)
#175    AutomatedTestWidgetsFlutterBinding.pump.<anonymous closure> (package:flutter_test/src/binding.dart:1335:9)
#178    TestAsyncUtils.guard (package:flutter_test/src/test_async_utils.dart:74:41)
#179    AutomatedTestWidgetsFlutterBinding.pump (package:flutter_test/src/binding.dart:1324:27)
#180    WidgetTester.pumpWidget.<anonymous closure> (package:flutter_test/src/widget_tester.dart:598:22)
#183    TestAsyncUtils.guard (package:flutter_test/src/test_async_utils.dart:74:41)
#184    WidgetTester.pumpWidget (package:flutter_test/src/widget_tester.dart:595:27)
#185    main.<anonymous closure> (file:///C:/Users/moust/OneDrive/Desktop/mauri_in/test/textfield_test.dart:15:20)
#186    testWidgets.<anonymous closure>.<anonymous closure> (package:flutter_test/src/widget_tester.dart:192:29)
<asynchronous suspension>
#187    TestWidgetsFlutterBinding._runTestBody (package:flutter_test/src/binding.dart:1059:5)
<asynchronous suspension>
<asynchronous suspension>
(elided 8 frames from dart:async and package:stack_trace)

Timer (duration: 0:00:00.000000, periodic: false), created:
#0      new FakeTimer._ (package:fake_async/fake_async.dart:342:62)
#1      FakeAsync._createTimer (package:fake_async/fake_async.dart:260:29)
#2      FakeAsync.run.<anonymous closure> (package:fake_async/fake_async.dart:185:15)
#6      _AnimateState._restart (package:flutter_animate/src/animate.dart:318:23)
#7      _AnimateState.initState (package:flutter_animate/src/animate.dart:290:5)
#8      StatefulElement._firstBuild (package:flutter/src/widgets/framework.dart:5953:55)
#9      ComponentElement.mount (package:flutter/src/widgets/framework.dart:5796:5)
#10     Element.inflateWidget (package:flutter/src/widgets/framework.dart:4590:20)
#11     MultiChildRenderObjectElement.inflateWidget (package:flutter/src/widgets/framework.dart:7269:36)
#12     MultiChildRenderObjectElement.mount (package:flutter/src/widgets/framework.dart:7285:32)
...     Normal element mounting (41 frames)
#53     Element.inflateWidget (package:flutter/src/widgets/framework.dart:4590:20)
#54     Element.updateChild (package:flutter/src/widgets/framework.dart:4059:18)
#55     SliverMultiBoxAdaptorElement.updateChild (package:flutter/src/widgets/sliver.dart:1068:37)
#56     SliverMultiBoxAdaptorElement.createChild.<anonymous closure> (package:flutter/src/widgets/sliver.dart:1052:20)
#57     BuildOwner.buildScope (package:flutter/src/widgets/framework.dart:3101:19)
#58     SliverMultiBoxAdaptorElement.createChild (package:flutter/src/widgets/sliver.dart:1042:12)
#59     RenderSliverMultiBoxAdaptor._createOrObtainChild.<anonymous closure> (package:flutter/src/rendering/sliver_multi_box_adaptor.dart:372:23)
#60     RenderObject.invokeLayoutCallback.<anonymous closure> (package:flutter/src/rendering/object.dart:2894:17)
#61     PipelineOwner._enableMutationsToDirtySubtrees (package:flutter/src/rendering/object.dart:1219:15)
#62     RenderObject.invokeLayoutCallback (package:flutter/src/rendering/object.dart:2893:14)
#63     RenderSliverMultiBoxAdaptor._createOrObtainChild (package:flutter/src/rendering/sliver_multi_box_adaptor.dart:360:5)
#64     RenderSliverMultiBoxAdaptor.insertAndLayoutChild (package:flutter/src/rendering/sliver_multi_box_adaptor.dart:523:5)
#65     RenderSliverList.performLayout.advance (package:flutter/src/rendering/sliver_list.dart:242:19)
#66     RenderSliverList.performLayout (package:flutter/src/rendering/sliver_list.dart:283:12)
#67     RenderObject.layout (package:flutter/src/rendering/object.dart:2775:7)
#68     RenderSliverEdgeInsetsPadding.performLayout (package:flutter/src/rendering/sliver_padding.dart:133:12)
#69     RenderSliverPadding.performLayout (package:flutter/src/rendering/sliver_padding.dart:371:11)
#70     RenderObject.layout (package:flutter/src/rendering/object.dart:2775:7)
#71     RenderViewportBase.layoutChildSequence (package:flutter/src/rendering/viewport.dart:673:13)
#72     RenderViewport._attemptLayout (package:flutter/src/rendering/viewport.dart:1684:12)
#73     RenderViewport.performLayout (package:flutter/src/rendering/viewport.dart:1575:20)
#74     RenderObject.layout (package:flutter/src/rendering/object.dart:2775:7)
#75     RenderProxyBoxMixin.performLayout (package:flutter/src/rendering/proxy_box.dart:115:18)
#76     RenderObject.layout (package:flutter/src/rendering/object.dart:2775:7)
#77     RenderProxyBoxMixin.performLayout (package:flutter/src/rendering/proxy_box.dart:115:18)
#78     RenderObject.layout (package:flutter/src/rendering/object.dart:2775:7)
#79     RenderProxyBoxMixin.performLayout (package:flutter/src/rendering/proxy_box.dart:115:18)
#80     RenderObject.layout (package:flutter/src/rendering/object.dart:2775:7)
#81     RenderProxyBoxMixin.performLayout (package:flutter/src/rendering/proxy_box.dart:115:18)
#82     RenderObject.layout (package:flutter/src/rendering/object.dart:2775:7)
#83     RenderProxyBoxMixin.performLayout (package:flutter/src/rendering/proxy_box.dart:115:18)
#84     RenderObject.layout (package:flutter/src/rendering/object.dart:2775:7)
#85     RenderProxyBoxMixin.performLayout (package:flutter/src/rendering/proxy_box.dart:115:18)
#86     RenderObject.layout (package:flutter/src/rendering/object.dart:2775:7)
#87     RenderProxyBoxMixin.performLayout (package:flutter/src/rendering/proxy_box.dart:115:18)
#88     RenderObject.layout (package:flutter/src/rendering/object.dart:2775:7)
#89     RenderProxyBoxMixin.performLayout (package:flutter/src/rendering/proxy_box.dart:115:18)
#90     _RenderCustomClip.performLayout (package:flutter/src/rendering/proxy_box.dart:1481:11)
#91     RenderObject.layout (package:flutter/src/rendering/object.dart:2775:7)
#92     ChildLayoutHelper.layoutChild (package:flutter/src/rendering/layout_helper.dart:62:11)
#93     RenderFlex._computeSizes (package:flutter/src/rendering/flex.dart:1203:26)
#94     RenderFlex.performLayout (package:flutter/src/rendering/flex.dart:1257:32)
#95     RenderObject.layout (package:flutter/src/rendering/object.dart:2775:7)
#96     RenderPadding.performLayout (package:flutter/src/rendering/shifted_box.dart:243:12)
#97     RenderObject.layout (package:flutter/src/rendering/object.dart:2775:7)
#98     MultiChildLayoutDelegate.layoutChild (package:flutter/src/rendering/custom_layout.dart:180:12)
#99     _ScaffoldLayout.performLayout (package:flutter/src/material/scaffold.dart:1112:7)
#100    MultiChildLayoutDelegate._callPerformLayout (package:flutter/src/rendering/custom_layout.dart:249:7)
#101    RenderCustomMultiChildLayoutBox.performLayout (package:flutter/src/rendering/custom_layout.dart:420:14)
#102    RenderObject.layout (package:flutter/src/rendering/object.dart:2775:7)
#103    RenderProxyBoxMixin.performLayout (package:flutter/src/rendering/proxy_box.dart:115:18)
#104    RenderObject.layout (package:flutter/src/rendering/object.dart:2775:7)
#105    RenderProxyBoxMixin.performLayout (package:flutter/src/rendering/proxy_box.dart:115:18)
#106    _RenderCustomClip.performLayout (package:flutter/src/rendering/proxy_box.dart:1481:11)
#107    RenderObject.layout (package:flutter/src/rendering/object.dart:2775:7)
#108    RenderProxyBoxMixin.performLayout (package:flutter/src/rendering/proxy_box.dart:115:18)
#109    RenderObject.layout (package:flutter/src/rendering/object.dart:2775:7)
#110    RenderProxyBoxMixin.performLayout (package:flutter/src/rendering/proxy_box.dart:115:18)
#111    RenderObject.layout (package:flutter/src/rendering/object.dart:2775:7)
#112    RenderProxyBoxMixin.performLayout (package:flutter/src/rendering/proxy_box.dart:115:18)
#113    RenderObject.layout (package:flutter/src/rendering/object.dart:2775:7)
#114    RenderProxyBoxMixin.performLayout (package:flutter/src/rendering/proxy_box.dart:115:18)
#115    RenderObject.layout (package:flutter/src/rendering/object.dart:2775:7)
#116    RenderProxyBoxMixin.performLayout (package:flutter/src/rendering/proxy_box.dart:115:18)
#117    RenderObject.layout (package:flutter/src/rendering/object.dart:2775:7)
#118    RenderProxyBoxMixin.performLayout (package:flutter/src/rendering/proxy_box.dart:115:18)
#119    RenderObject.layout (package:flutter/src/rendering/object.dart:2775:7)
#120    RenderProxyBoxMixin.performLayout (package:flutter/src/rendering/proxy_box.dart:115:18)
#121    RenderObject.layout (package:flutter/src/rendering/object.dart:2775:7)
#122    RenderProxyBoxMixin.performLayout (package:flutter/src/rendering/proxy_box.dart:115:18)
#123    RenderObject.layout (package:flutter/src/rendering/object.dart:2775:7)
#124    RenderProxyBoxMixin.performLayout (package:flutter/src/rendering/proxy_box.dart:115:18)
#125    RenderObject.layout (package:flutter/src/rendering/object.dart:2775:7)
#126    RenderProxyBoxMixin.performLayout (package:flutter/src/rendering/proxy_box.dart:115:18)
#127    RenderObject.layout (package:flutter/src/rendering/object.dart:2775:7)
#128    RenderProxyBoxMixin.performLayout (package:flutter/src/rendering/proxy_box.dart:115:18)
#129    RenderObject.layout (package:flutter/src/rendering/object.dart:2775:7)
#130    RenderProxyBoxMixin.performLayout (package:flutter/src/rendering/proxy_box.dart:115:18)
#131    RenderObject.layout (package:flutter/src/rendering/object.dart:2775:7)
#132    RenderProxyBoxMixin.performLayout (package:flutter/src/rendering/proxy_box.dart:115:18)
#133    RenderObject.layout (package:flutter/src/rendering/object.dart:2775:7)
#134    RenderProxyBoxMixin.performLayout (package:flutter/src/rendering/proxy_box.dart:115:18)
#135    RenderObject.layout (package:flutter/src/rendering/object.dart:2775:7)
#136    RenderProxyBoxMixin.performLayout (package:flutter/src/rendering/proxy_box.dart:115:18)
#137    RenderObject.layout (package:flutter/src/rendering/object.dart:2775:7)
#138    RenderProxyBoxMixin.performLayout (package:flutter/src/rendering/proxy_box.dart:115:18)
#139    RenderOffstage.performLayout (package:flutter/src/rendering/proxy_box.dart:3848:13)
#140    RenderObject.layout (package:flutter/src/rendering/object.dart:2775:7)
#141    RenderProxyBoxMixin.performLayout (package:flutter/src/rendering/proxy_box.dart:115:18)
#142    RenderObject.layout (package:flutter/src/rendering/object.dart:2775:7)
#143    _RenderTheaterMixin.layoutChild (package:flutter/src/widgets/overlay.dart:1084:13)
#144    _RenderTheater.performLayout (package:flutter/src/widgets/overlay.dart:1429:9)
#145    RenderObject.layout (package:flutter/src/rendering/object.dart:2775:7)
#146    RenderProxyBoxMixin.performLayout (package:flutter/src/rendering/proxy_box.dart:115:18)
#147    RenderObject.layout (package:flutter/src/rendering/object.dart:2775:7)
#148    RenderProxyBoxMixin.performLayout (package:flutter/src/rendering/proxy_box.dart:115:18)
#149    RenderObject.layout (package:flutter/src/rendering/object.dart:2775:7)
#150    RenderProxyBoxMixin.performLayout (package:flutter/src/rendering/proxy_box.dart:115:18)
#151    RenderObject.layout (package:flutter/src/rendering/object.dart:2775:7)
#152    RenderProxyBoxMixin.performLayout (package:flutter/src/rendering/proxy_box.dart:115:18)
#153    RenderCustomPaint.performLayout (package:flutter/src/rendering/custom_paint.dart:574:11)
#154    RenderObject.layout (package:flutter/src/rendering/object.dart:2775:7)
#155    RenderProxyBoxMixin.performLayout (package:flutter/src/rendering/proxy_box.dart:115:18)
#156    RenderObject.layout (package:flutter/src/rendering/object.dart:2775:7)
#157    RenderProxyBoxMixin.performLayout (package:flutter/src/rendering/proxy_box.dart:115:18)
#158    RenderObject.layout (package:flutter/src/rendering/object.dart:2775:7)
#159    RenderProxyBoxMixin.performLayout (package:flutter/src/rendering/proxy_box.dart:115:18)
#160    RenderObject.layout (package:flutter/src/rendering/object.dart:2775:7)
#161    RenderProxyBoxMixin.performLayout (package:flutter/src/rendering/proxy_box.dart:115:18)
#162    RenderObject.layout (package:flutter/src/rendering/object.dart:2775:7)
#163    RenderProxyBoxMixin.performLayout (package:flutter/src/rendering/proxy_box.dart:115:18)
#164    RenderObject.layout (package:flutter/src/rendering/object.dart:2775:7)
#165    RenderProxyBoxMixin.performLayout (package:flutter/src/rendering/proxy_box.dart:115:18)
#166    RenderObject.layout (package:flutter/src/rendering/object.dart:2775:7)
#167    RenderView.performLayout (package:flutter/src/rendering/view.dart:294:12)
#168    RenderObject._layoutWithoutResize (package:flutter/src/rendering/object.dart:2623:7)
#169    PipelineOwner.flushLayout (package:flutter/src/rendering/object.dart:1170:18)
#170    PipelineOwner.flushLayout (package:flutter/src/rendering/object.dart:1183:15)
#171    AutomatedTestWidgetsFlutterBinding.drawFrame (package:flutter_test/src/binding.dart:1508:27)
#172    RendererBinding._handlePersistentFrameCallback (package:flutter/src/rendering/binding.dart:495:5)
#173    SchedulerBinding._invokeFrameCallback (package:flutter/src/scheduler/binding.dart:1434:15)
#174    SchedulerBinding.handleDrawFrame (package:flutter/src/scheduler/binding.dart:1347:9)
#175    AutomatedTestWidgetsFlutterBinding.pump.<anonymous closure> (package:flutter_test/src/binding.dart:1335:9)
#178    TestAsyncUtils.guard (package:flutter_test/src/test_async_utils.dart:74:41)
#179    AutomatedTestWidgetsFlutterBinding.pump (package:flutter_test/src/binding.dart:1324:27)
#180    WidgetTester.pumpWidget.<anonymous closure> (package:flutter_test/src/widget_tester.dart:598:22)
#183    TestAsyncUtils.guard (package:flutter_test/src/test_async_utils.dart:74:41)
#184    WidgetTester.pumpWidget (package:flutter_test/src/widget_tester.dart:595:27)
#185    main.<anonymous closure> (file:///C:/Users/moust/OneDrive/Desktop/mauri_in/test/textfield_test.dart:15:20)
#186    testWidgets.<anonymous closure>.<anonymous closure> (package:flutter_test/src/widget_tester.dart:192:29)
<asynchronous suspension>
#187    TestWidgetsFlutterBinding._runTestBody (package:flutter_test/src/binding.dart:1059:5)
<asynchronous suspension>
<asynchronous suspension>
(elided 8 frames from dart:async and package:stack_trace)

Timer (duration: 0:00:00.000000, periodic: false), created:
#0      new FakeTimer._ (package:fake_async/fake_async.dart:342:62)
#1      FakeAsync._createTimer (package:fake_async/fake_async.dart:260:29)
#2      FakeAsync.run.<anonymous closure> (package:fake_async/fake_async.dart:185:15)
#6      _AnimateState._restart (package:flutter_animate/src/animate.dart:318:23)
#7      _AnimateState.initState (package:flutter_animate/src/animate.dart:290:5)
#8      StatefulElement._firstBuild (package:flutter/src/widgets/framework.dart:5953:55)
#9      ComponentElement.mount (package:flutter/src/widgets/framework.dart:5796:5)
#10     Element.inflateWidget (package:flutter/src/widgets/framework.dart:4590:20)
#11     MultiChildRenderObjectElement.inflateWidget (package:flutter/src/widgets/framework.dart:7269:36)
#12     MultiChildRenderObjectElement.mount (package:flutter/src/widgets/framework.dart:7285:32)
...     Normal element mounting (41 frames)
#53     Element.inflateWidget (package:flutter/src/widgets/framework.dart:4590:20)
#54     Element.updateChild (package:flutter/src/widgets/framework.dart:4059:18)
#55     SliverMultiBoxAdaptorElement.updateChild (package:flutter/src/widgets/sliver.dart:1068:37)
#56     SliverMultiBoxAdaptorElement.createChild.<anonymous closure> (package:flutter/src/widgets/sliver.dart:1052:20)
#57     BuildOwner.buildScope (package:flutter/src/widgets/framework.dart:3101:19)
#58     SliverMultiBoxAdaptorElement.createChild (package:flutter/src/widgets/sliver.dart:1042:12)
#59     RenderSliverMultiBoxAdaptor._createOrObtainChild.<anonymous closure> (package:flutter/src/rendering/sliver_multi_box_adaptor.dart:372:23)
#60     RenderObject.invokeLayoutCallback.<anonymous closure> (package:flutter/src/rendering/object.dart:2894:17)
#61     PipelineOwner._enableMutationsToDirtySubtrees (package:flutter/src/rendering/object.dart:1219:15)
#62     RenderObject.invokeLayoutCallback (package:flutter/src/rendering/object.dart:2893:14)
#63     RenderSliverMultiBoxAdaptor._createOrObtainChild (package:flutter/src/rendering/sliver_multi_box_adaptor.dart:360:5)
#64     RenderSliverMultiBoxAdaptor.insertAndLayoutChild (package:flutter/src/rendering/sliver_multi_box_adaptor.dart:523:5)
#65     RenderSliverList.performLayout.advance (package:flutter/src/rendering/sliver_list.dart:242:19)
#66     RenderSliverList.performLayout (package:flutter/src/rendering/sliver_list.dart:283:12)
#67     RenderObject.layout (package:flutter/src/rendering/object.dart:2775:7)
#68     RenderSliverEdgeInsetsPadding.performLayout (package:flutter/src/rendering/sliver_padding.dart:133:12)
#69     RenderSliverPadding.performLayout (package:flutter/src/rendering/sliver_padding.dart:371:11)
#70     RenderObject.layout (package:flutter/src/rendering/object.dart:2775:7)
#71     RenderViewportBase.layoutChildSequence (package:flutter/src/rendering/viewport.dart:673:13)
#72     RenderViewport._attemptLayout (package:flutter/src/rendering/viewport.dart:1684:12)
#73     RenderViewport.performLayout (package:flutter/src/rendering/viewport.dart:1575:20)
#74     RenderObject.layout (package:flutter/src/rendering/object.dart:2775:7)
#75     RenderProxyBoxMixin.performLayout (package:flutter/src/rendering/proxy_box.dart:115:18)
#76     RenderObject.layout (package:flutter/src/rendering/object.dart:2775:7)
#77     RenderProxyBoxMixin.performLayout (package:flutter/src/rendering/proxy_box.dart:115:18)
#78     RenderObject.layout (package:flutter/src/rendering/object.dart:2775:7)
#79     RenderProxyBoxMixin.performLayout (package:flutter/src/rendering/proxy_box.dart:115:18)
#80     RenderObject.layout (package:flutter/src/rendering/object.dart:2775:7)
#81     RenderProxyBoxMixin.performLayout (package:flutter/src/rendering/proxy_box.dart:115:18)
#82     RenderObject.layout (package:flutter/src/rendering/object.dart:2775:7)
#83     RenderProxyBoxMixin.performLayout (package:flutter/src/rendering/proxy_box.dart:115:18)
#84     RenderObject.layout (package:flutter/src/rendering/object.dart:2775:7)
#85     RenderProxyBoxMixin.performLayout (package:flutter/src/rendering/proxy_box.dart:115:18)
#86     RenderObject.layout (package:flutter/src/rendering/object.dart:2775:7)
#87     RenderProxyBoxMixin.performLayout (package:flutter/src/rendering/proxy_box.dart:115:18)
#88     RenderObject.layout (package:flutter/src/rendering/object.dart:2775:7)
#89     RenderProxyBoxMixin.performLayout (package:flutter/src/rendering/proxy_box.dart:115:18)
#90     _RenderCustomClip.performLayout (package:flutter/src/rendering/proxy_box.dart:1481:11)
#91     RenderObject.layout (package:flutter/src/rendering/object.dart:2775:7)
#92     ChildLayoutHelper.layoutChild (package:flutter/src/rendering/layout_helper.dart:62:11)
#93     RenderFlex._computeSizes (package:flutter/src/rendering/flex.dart:1203:26)
#94     RenderFlex.performLayout (package:flutter/src/rendering/flex.dart:1257:32)
#95     RenderObject.layout (package:flutter/src/rendering/object.dart:2775:7)
#96     RenderPadding.performLayout (package:flutter/src/rendering/shifted_box.dart:243:12)
#97     RenderObject.layout (package:flutter/src/rendering/object.dart:2775:7)
#98     MultiChildLayoutDelegate.layoutChild (package:flutter/src/rendering/custom_layout.dart:180:12)
#99     _ScaffoldLayout.performLayout (package:flutter/src/material/scaffold.dart:1112:7)
#100    MultiChildLayoutDelegate._callPerformLayout (package:flutter/src/rendering/custom_layout.dart:249:7)
#101    RenderCustomMultiChildLayoutBox.performLayout (package:flutter/src/rendering/custom_layout.dart:420:14)
#102    RenderObject.layout (package:flutter/src/rendering/object.dart:2775:7)
#103    RenderProxyBoxMixin.performLayout (package:flutter/src/rendering/proxy_box.dart:115:18)
#104    RenderObject.layout (package:flutter/src/rendering/object.dart:2775:7)
#105    RenderProxyBoxMixin.performLayout (package:flutter/src/rendering/proxy_box.dart:115:18)
#106    _RenderCustomClip.performLayout (package:flutter/src/rendering/proxy_box.dart:1481:11)
#107    RenderObject.layout (package:flutter/src/rendering/object.dart:2775:7)
#108    RenderProxyBoxMixin.performLayout (package:flutter/src/rendering/proxy_box.dart:115:18)
#109    RenderObject.layout (package:flutter/src/rendering/object.dart:2775:7)
#110    RenderProxyBoxMixin.performLayout (package:flutter/src/rendering/proxy_box.dart:115:18)
#111    RenderObject.layout (package:flutter/src/rendering/object.dart:2775:7)
#112    RenderProxyBoxMixin.performLayout (package:flutter/src/rendering/proxy_box.dart:115:18)
#113    RenderObject.layout (package:flutter/src/rendering/object.dart:2775:7)
#114    RenderProxyBoxMixin.performLayout (package:flutter/src/rendering/proxy_box.dart:115:18)
#115    RenderObject.layout (package:flutter/src/rendering/object.dart:2775:7)
#116    RenderProxyBoxMixin.performLayout (package:flutter/src/rendering/proxy_box.dart:115:18)
#117    RenderObject.layout (package:flutter/src/rendering/object.dart:2775:7)
#118    RenderProxyBoxMixin.performLayout (package:flutter/src/rendering/proxy_box.dart:115:18)
#119    RenderObject.layout (package:flutter/src/rendering/object.dart:2775:7)
#120    RenderProxyBoxMixin.performLayout (package:flutter/src/rendering/proxy_box.dart:115:18)
#121    RenderObject.layout (package:flutter/src/rendering/object.dart:2775:7)
#122    RenderProxyBoxMixin.performLayout (package:flutter/src/rendering/proxy_box.dart:115:18)
#123    RenderObject.layout (package:flutter/src/rendering/object.dart:2775:7)
#124    RenderProxyBoxMixin.performLayout (package:flutter/src/rendering/proxy_box.dart:115:18)
#125    RenderObject.layout (package:flutter/src/rendering/object.dart:2775:7)
#126    RenderProxyBoxMixin.performLayout (package:flutter/src/rendering/proxy_box.dart:115:18)
#127    RenderObject.layout (package:flutter/src/rendering/object.dart:2775:7)
#128    RenderProxyBoxMixin.performLayout (package:flutter/src/rendering/proxy_box.dart:115:18)
#129    RenderObject.layout (package:flutter/src/rendering/object.dart:2775:7)
#130    RenderProxyBoxMixin.performLayout (package:flutter/src/rendering/proxy_box.dart:115:18)
#131    RenderObject.layout (package:flutter/src/rendering/object.dart:2775:7)
#132    RenderProxyBoxMixin.performLayout (package:flutter/src/rendering/proxy_box.dart:115:18)
#133    RenderObject.layout (package:flutter/src/rendering/object.dart:2775:7)
#134    RenderProxyBoxMixin.performLayout (package:flutter/src/rendering/proxy_box.dart:115:18)
#135    RenderObject.layout (package:flutter/src/rendering/object.dart:2775:7)
#136    RenderProxyBoxMixin.performLayout (package:flutter/src/rendering/proxy_box.dart:115:18)
#137    RenderObject.layout (package:flutter/src/rendering/object.dart:2775:7)
#138    RenderProxyBoxMixin.performLayout (package:flutter/src/rendering/proxy_box.dart:115:18)
#139    RenderOffstage.performLayout (package:flutter/src/rendering/proxy_box.dart:3848:13)
#140    RenderObject.layout (package:flutter/src/rendering/object.dart:2775:7)
#141    RenderProxyBoxMixin.performLayout (package:flutter/src/rendering/proxy_box.dart:115:18)
#142    RenderObject.layout (package:flutter/src/rendering/object.dart:2775:7)
#143    _RenderTheaterMixin.layoutChild (package:flutter/src/widgets/overlay.dart:1084:13)
#144    _RenderTheater.performLayout (package:flutter/src/widgets/overlay.dart:1429:9)
#145    RenderObject.layout (package:flutter/src/rendering/object.dart:2775:7)
#146    RenderProxyBoxMixin.performLayout (package:flutter/src/rendering/proxy_box.dart:115:18)
#147    RenderObject.layout (package:flutter/src/rendering/object.dart:2775:7)
#148    RenderProxyBoxMixin.performLayout (package:flutter/src/rendering/proxy_box.dart:115:18)
#149    RenderObject.layout (package:flutter/src/rendering/object.dart:2775:7)
#150    RenderProxyBoxMixin.performLayout (package:flutter/src/rendering/proxy_box.dart:115:18)
#151    RenderObject.layout (package:flutter/src/rendering/object.dart:2775:7)
#152    RenderProxyBoxMixin.performLayout (package:flutter/src/rendering/proxy_box.dart:115:18)
#153    RenderCustomPaint.performLayout (package:flutter/src/rendering/custom_paint.dart:574:11)
#154    RenderObject.layout (package:flutter/src/rendering/object.dart:2775:7)
#155    RenderProxyBoxMixin.performLayout (package:flutter/src/rendering/proxy_box.dart:115:18)
#156    RenderObject.layout (package:flutter/src/rendering/object.dart:2775:7)
#157    RenderProxyBoxMixin.performLayout (package:flutter/src/rendering/proxy_box.dart:115:18)
#158    RenderObject.layout (package:flutter/src/rendering/object.dart:2775:7)
#159    RenderProxyBoxMixin.performLayout (package:flutter/src/rendering/proxy_box.dart:115:18)
#160    RenderObject.layout (package:flutter/src/rendering/object.dart:2775:7)
#161    RenderProxyBoxMixin.performLayout (package:flutter/src/rendering/proxy_box.dart:115:18)
#162    RenderObject.layout (package:flutter/src/rendering/object.dart:2775:7)
#163    RenderProxyBoxMixin.performLayout (package:flutter/src/rendering/proxy_box.dart:115:18)
#164    RenderObject.layout (package:flutter/src/rendering/object.dart:2775:7)
#165    RenderProxyBoxMixin.performLayout (package:flutter/src/rendering/proxy_box.dart:115:18)
#166    RenderObject.layout (package:flutter/src/rendering/object.dart:2775:7)
#167    RenderView.performLayout (package:flutter/src/rendering/view.dart:294:12)
#168    RenderObject._layoutWithoutResize (package:flutter/src/rendering/object.dart:2623:7)
#169    PipelineOwner.flushLayout (package:flutter/src/rendering/object.dart:1170:18)
#170    PipelineOwner.flushLayout (package:flutter/src/rendering/object.dart:1183:15)
#171    AutomatedTestWidgetsFlutterBinding.drawFrame (package:flutter_test/src/binding.dart:1508:27)
#172    RendererBinding._handlePersistentFrameCallback (package:flutter/src/rendering/binding.dart:495:5)
#173    SchedulerBinding._invokeFrameCallback (package:flutter/src/scheduler/binding.dart:1434:15)
#174    SchedulerBinding.handleDrawFrame (package:flutter/src/scheduler/binding.dart:1347:9)
#175    AutomatedTestWidgetsFlutterBinding.pump.<anonymous closure> (package:flutter_test/src/binding.dart:1335:9)
#178    TestAsyncUtils.guard (package:flutter_test/src/test_async_utils.dart:74:41)
#179    AutomatedTestWidgetsFlutterBinding.pump (package:flutter_test/src/binding.dart:1324:27)
#180    WidgetTester.pumpWidget.<anonymous closure> (package:flutter_test/src/widget_tester.dart:598:22)
#183    TestAsyncUtils.guard (package:flutter_test/src/test_async_utils.dart:74:41)
#184    WidgetTester.pumpWidget (package:flutter_test/src/widget_tester.dart:595:27)
#185    main.<anonymous closure> (file:///C:/Users/moust/OneDrive/Desktop/mauri_in/test/textfield_test.dart:15:20)
#186    testWidgets.<anonymous closure>.<anonymous closure> (package:flutter_test/src/widget_tester.dart:192:29)
<asynchronous suspension>
#187    TestWidgetsFlutterBinding._runTestBody (package:flutter_test/src/binding.dart:1059:5)
<asynchronous suspension>
<asynchronous suspension>
(elided 8 frames from dart:async and package:stack_trace)

Timer (duration: 0:00:00.000000, periodic: false), created:
#0      new FakeTimer._ (package:fake_async/fake_async.dart:342:62)
#1      FakeAsync._createTimer (package:fake_async/fake_async.dart:260:29)
#2      FakeAsync.run.<anonymous closure> (package:fake_async/fake_async.dart:185:15)
#6      _AnimateState._restart (package:flutter_animate/src/animate.dart:318:23)
#7      _AnimateState.initState (package:flutter_animate/src/animate.dart:290:5)
#8      StatefulElement._firstBuild (package:flutter/src/widgets/framework.dart:5953:55)
#9      ComponentElement.mount (package:flutter/src/widgets/framework.dart:5796:5)
#10     Element.inflateWidget (package:flutter/src/widgets/framework.dart:4590:20)
#11     MultiChildRenderObjectElement.inflateWidget (package:flutter/src/widgets/framework.dart:7269:36)
#12     MultiChildRenderObjectElement.mount (package:flutter/src/widgets/framework.dart:7285:32)
...     Normal element mounting (41 frames)
#53     Element.inflateWidget (package:flutter/src/widgets/framework.dart:4590:20)
#54     Element.updateChild (package:flutter/src/widgets/framework.dart:4059:18)
#55     SliverMultiBoxAdaptorElement.updateChild (package:flutter/src/widgets/sliver.dart:1068:37)
#56     SliverMultiBoxAdaptorElement.createChild.<anonymous closure> (package:flutter/src/widgets/sliver.dart:1052:20)
#57     BuildOwner.buildScope (package:flutter/src/widgets/framework.dart:3101:19)
#58     SliverMultiBoxAdaptorElement.createChild (package:flutter/src/widgets/sliver.dart:1042:12)
#59     RenderSliverMultiBoxAdaptor._createOrObtainChild.<anonymous closure> (package:flutter/src/rendering/sliver_multi_box_adaptor.dart:372:23)
#60     RenderObject.invokeLayoutCallback.<anonymous closure> (package:flutter/src/rendering/object.dart:2894:17)
#61     PipelineOwner._enableMutationsToDirtySubtrees (package:flutter/src/rendering/object.dart:1219:15)
#62     RenderObject.invokeLayoutCallback (package:flutter/src/rendering/object.dart:2893:14)
#63     RenderSliverMultiBoxAdaptor._createOrObtainChild (package:flutter/src/rendering/sliver_multi_box_adaptor.dart:360:5)
#64     RenderSliverMultiBoxAdaptor.insertAndLayoutChild (package:flutter/src/rendering/sliver_multi_box_adaptor.dart:523:5)
#65     RenderSliverList.performLayout.advance (package:flutter/src/rendering/sliver_list.dart:242:19)
#66     RenderSliverList.performLayout (package:flutter/src/rendering/sliver_list.dart:283:12)
#67     RenderObject.layout (package:flutter/src/rendering/object.dart:2775:7)
#68     RenderSliverEdgeInsetsPadding.performLayout (package:flutter/src/rendering/sliver_padding.dart:133:12)
#69     RenderSliverPadding.performLayout (package:flutter/src/rendering/sliver_padding.dart:371:11)
#70     RenderObject.layout (package:flutter/src/rendering/object.dart:2775:7)
#71     RenderViewportBase.layoutChildSequence (package:flutter/src/rendering/viewport.dart:673:13)
#72     RenderViewport._attemptLayout (package:flutter/src/rendering/viewport.dart:1684:12)
#73     RenderViewport.performLayout (package:flutter/src/rendering/viewport.dart:1575:20)
#74     RenderObject.layout (package:flutter/src/rendering/object.dart:2775:7)
#75     RenderProxyBoxMixin.performLayout (package:flutter/src/rendering/proxy_box.dart:115:18)
#76     RenderObject.layout (package:flutter/src/rendering/object.dart:2775:7)
#77     RenderProxyBoxMixin.performLayout (package:flutter/src/rendering/proxy_box.dart:115:18)
#78     RenderObject.layout (package:flutter/src/rendering/object.dart:2775:7)
#79     RenderProxyBoxMixin.performLayout (package:flutter/src/rendering/proxy_box.dart:115:18)
#80     RenderObject.layout (package:flutter/src/rendering/object.dart:2775:7)
#81     RenderProxyBoxMixin.performLayout (package:flutter/src/rendering/proxy_box.dart:115:18)
#82     RenderObject.layout (package:flutter/src/rendering/object.dart:2775:7)
#83     RenderProxyBoxMixin.performLayout (package:flutter/src/rendering/proxy_box.dart:115:18)
#84     RenderObject.layout (package:flutter/src/rendering/object.dart:2775:7)
#85     RenderProxyBoxMixin.performLayout (package:flutter/src/rendering/proxy_box.dart:115:18)
#86     RenderObject.layout (package:flutter/src/rendering/object.dart:2775:7)
#87     RenderProxyBoxMixin.performLayout (package:flutter/src/rendering/proxy_box.dart:115:18)
#88     RenderObject.layout (package:flutter/src/rendering/object.dart:2775:7)
#89     RenderProxyBoxMixin.performLayout (package:flutter/src/rendering/proxy_box.dart:115:18)
#90     _RenderCustomClip.performLayout (package:flutter/src/rendering/proxy_box.dart:1481:11)
#91     RenderObject.layout (package:flutter/src/rendering/object.dart:2775:7)
#92     ChildLayoutHelper.layoutChild (package:flutter/src/rendering/layout_helper.dart:62:11)
#93     RenderFlex._computeSizes (package:flutter/src/rendering/flex.dart:1203:26)
#94     RenderFlex.performLayout (package:flutter/src/rendering/flex.dart:1257:32)
#95     RenderObject.layout (package:flutter/src/rendering/object.dart:2775:7)
#96     RenderPadding.performLayout (package:flutter/src/rendering/shifted_box.dart:243:12)
#97     RenderObject.layout (package:flutter/src/rendering/object.dart:2775:7)
#98     MultiChildLayoutDelegate.layoutChild (package:flutter/src/rendering/custom_layout.dart:180:12)
#99     _ScaffoldLayout.performLayout (package:flutter/src/material/scaffold.dart:1112:7)
#100    MultiChildLayoutDelegate._callPerformLayout (package:flutter/src/rendering/custom_layout.dart:249:7)
#101    RenderCustomMultiChildLayoutBox.performLayout (package:flutter/src/rendering/custom_layout.dart:420:14)
#102    RenderObject.layout (package:flutter/src/rendering/object.dart:2775:7)
#103    RenderProxyBoxMixin.performLayout (package:flutter/src/rendering/proxy_box.dart:115:18)
#104    RenderObject.layout (package:flutter/src/rendering/object.dart:2775:7)
#105    RenderProxyBoxMixin.performLayout (package:flutter/src/rendering/proxy_box.dart:115:18)
#106    _RenderCustomClip.performLayout (package:flutter/src/rendering/proxy_box.dart:1481:11)
#107    RenderObject.layout (package:flutter/src/rendering/object.dart:2775:7)
#108    RenderProxyBoxMixin.performLayout (package:flutter/src/rendering/proxy_box.dart:115:18)
#109    RenderObject.layout (package:flutter/src/rendering/object.dart:2775:7)
#110    RenderProxyBoxMixin.performLayout (package:flutter/src/rendering/proxy_box.dart:115:18)
#111    RenderObject.layout (package:flutter/src/rendering/object.dart:2775:7)
#112    RenderProxyBoxMixin.performLayout (package:flutter/src/rendering/proxy_box.dart:115:18)
#113    RenderObject.layout (package:flutter/src/rendering/object.dart:2775:7)
#114    RenderProxyBoxMixin.performLayout (package:flutter/src/rendering/proxy_box.dart:115:18)
#115    RenderObject.layout (package:flutter/src/rendering/object.dart:2775:7)
#116    RenderProxyBoxMixin.performLayout (package:flutter/src/rendering/proxy_box.dart:115:18)
#117    RenderObject.layout (package:flutter/src/rendering/object.dart:2775:7)
#118    RenderProxyBoxMixin.performLayout (package:flutter/src/rendering/proxy_box.dart:115:18)
#119    RenderObject.layout (package:flutter/src/rendering/object.dart:2775:7)
#120    RenderProxyBoxMixin.performLayout (package:flutter/src/rendering/proxy_box.dart:115:18)
#121    RenderObject.layout (package:flutter/src/rendering/object.dart:2775:7)
#122    RenderProxyBoxMixin.performLayout (package:flutter/src/rendering/proxy_box.dart:115:18)
#123    RenderObject.layout (package:flutter/src/rendering/object.dart:2775:7)
#124    RenderProxyBoxMixin.performLayout (package:flutter/src/rendering/proxy_box.dart:115:18)
#125    RenderObject.layout (package:flutter/src/rendering/object.dart:2775:7)
#126    RenderProxyBoxMixin.performLayout (package:flutter/src/rendering/proxy_box.dart:115:18)
#127    RenderObject.layout (package:flutter/src/rendering/object.dart:2775:7)
#128    RenderProxyBoxMixin.performLayout (package:flutter/src/rendering/proxy_box.dart:115:18)
#129    RenderObject.layout (package:flutter/src/rendering/object.dart:2775:7)
#130    RenderProxyBoxMixin.performLayout (package:flutter/src/rendering/proxy_box.dart:115:18)
#131    RenderObject.layout (package:flutter/src/rendering/object.dart:2775:7)
#132    RenderProxyBoxMixin.performLayout (package:flutter/src/rendering/proxy_box.dart:115:18)
#133    RenderObject.layout (package:flutter/src/rendering/object.dart:2775:7)
#134    RenderProxyBoxMixin.performLayout (package:flutter/src/rendering/proxy_box.dart:115:18)
#135    RenderObject.layout (package:flutter/src/rendering/object.dart:2775:7)
#136    RenderProxyBoxMixin.performLayout (package:flutter/src/rendering/proxy_box.dart:115:18)
#137    RenderObject.layout (package:flutter/src/rendering/object.dart:2775:7)
#138    RenderProxyBoxMixin.performLayout (package:flutter/src/rendering/proxy_box.dart:115:18)
#139    RenderOffstage.performLayout (package:flutter/src/rendering/proxy_box.dart:3848:13)
#140    RenderObject.layout (package:flutter/src/rendering/object.dart:2775:7)
#141    RenderProxyBoxMixin.performLayout (package:flutter/src/rendering/proxy_box.dart:115:18)
#142    RenderObject.layout (package:flutter/src/rendering/object.dart:2775:7)
#143    _RenderTheaterMixin.layoutChild (package:flutter/src/widgets/overlay.dart:1084:13)
#144    _RenderTheater.performLayout (package:flutter/src/widgets/overlay.dart:1429:9)
#145    RenderObject.layout (package:flutter/src/rendering/object.dart:2775:7)
#146    RenderProxyBoxMixin.performLayout (package:flutter/src/rendering/proxy_box.dart:115:18)
#147    RenderObject.layout (package:flutter/src/rendering/object.dart:2775:7)
#148    RenderProxyBoxMixin.performLayout (package:flutter/src/rendering/proxy_box.dart:115:18)
#149    RenderObject.layout (package:flutter/src/rendering/object.dart:2775:7)
#150    RenderProxyBoxMixin.performLayout (package:flutter/src/rendering/proxy_box.dart:115:18)
#151    RenderObject.layout (package:flutter/src/rendering/object.dart:2775:7)
#152    RenderProxyBoxMixin.performLayout (package:flutter/src/rendering/proxy_box.dart:115:18)
#153    RenderCustomPaint.performLayout (package:flutter/src/rendering/custom_paint.dart:574:11)
#154    RenderObject.layout (package:flutter/src/rendering/object.dart:2775:7)
#155    RenderProxyBoxMixin.performLayout (package:flutter/src/rendering/proxy_box.dart:115:18)
#156    RenderObject.layout (package:flutter/src/rendering/object.dart:2775:7)
#157    RenderProxyBoxMixin.performLayout (package:flutter/src/rendering/proxy_box.dart:115:18)
#158    RenderObject.layout (package:flutter/src/rendering/object.dart:2775:7)
#159    RenderProxyBoxMixin.performLayout (package:flutter/src/rendering/proxy_box.dart:115:18)
#160    RenderObject.layout (package:flutter/src/rendering/object.dart:2775:7)
#161    RenderProxyBoxMixin.performLayout (package:flutter/src/rendering/proxy_box.dart:115:18)
#162    RenderObject.layout (package:flutter/src/rendering/object.dart:2775:7)
#163    RenderProxyBoxMixin.performLayout (package:flutter/src/rendering/proxy_box.dart:115:18)
#164    RenderObject.layout (package:flutter/src/rendering/object.dart:2775:7)
#165    RenderProxyBoxMixin.performLayout (package:flutter/src/rendering/proxy_box.dart:115:18)
#166    RenderObject.layout (package:flutter/src/rendering/object.dart:2775:7)
#167    RenderView.performLayout (package:flutter/src/rendering/view.dart:294:12)
#168    RenderObject._layoutWithoutResize (package:flutter/src/rendering/object.dart:2623:7)
#169    PipelineOwner.flushLayout (package:flutter/src/rendering/object.dart:1170:18)
#170    PipelineOwner.flushLayout (package:flutter/src/rendering/object.dart:1183:15)
#171    AutomatedTestWidgetsFlutterBinding.drawFrame (package:flutter_test/src/binding.dart:1508:27)
#172    RendererBinding._handlePersistentFrameCallback (package:flutter/src/rendering/binding.dart:495:5)
#173    SchedulerBinding._invokeFrameCallback (package:flutter/src/scheduler/binding.dart:1434:15)
#174    SchedulerBinding.handleDrawFrame (package:flutter/src/scheduler/binding.dart:1347:9)
#175    AutomatedTestWidgetsFlutterBinding.pump.<anonymous closure> (package:flutter_test/src/binding.dart:1335:9)
#178    TestAsyncUtils.guard (package:flutter_test/src/test_async_utils.dart:74:41)
#179    AutomatedTestWidgetsFlutterBinding.pump (package:flutter_test/src/binding.dart:1324:27)
#180    WidgetTester.pumpWidget.<anonymous closure> (package:flutter_test/src/widget_tester.dart:598:22)
#183    TestAsyncUtils.guard (package:flutter_test/src/test_async_utils.dart:74:41)
#184    WidgetTester.pumpWidget (package:flutter_test/src/widget_tester.dart:595:27)
#185    main.<anonymous closure> (file:///C:/Users/moust/OneDrive/Desktop/mauri_in/test/textfield_test.dart:15:20)
#186    testWidgets.<anonymous closure>.<anonymous closure> (package:flutter_test/src/widget_tester.dart:192:29)
<asynchronous suspension>
#187    TestWidgetsFlutterBinding._runTestBody (package:flutter_test/src/binding.dart:1059:5)
<asynchronous suspension>
<asynchronous suspension>
(elided 8 frames from dart:async and package:stack_trace)

Timer (duration: 0:00:00.000000, periodic: false), created:
#0      new FakeTimer._ (package:fake_async/fake_async.dart:342:62)
#1      FakeAsync._createTimer (package:fake_async/fake_async.dart:260:29)
#2      FakeAsync.run.<anonymous closure> (package:fake_async/fake_async.dart:185:15)
#6      _AnimateState._restart (package:flutter_animate/src/animate.dart:318:23)
#7      _AnimateState.initState (package:flutter_animate/src/animate.dart:290:5)
#8      StatefulElement._firstBuild (package:flutter/src/widgets/framework.dart:5953:55)
#9      ComponentElement.mount (package:flutter/src/widgets/framework.dart:5796:5)
#10     Element.inflateWidget (package:flutter/src/widgets/framework.dart:4590:20)
#11     MultiChildRenderObjectElement.inflateWidget (package:flutter/src/widgets/framework.dart:7269:36)
#12     MultiChildRenderObjectElement.mount (package:flutter/src/widgets/framework.dart:7285:32)
...     Normal element mounting (41 frames)
#53     Element.inflateWidget (package:flutter/src/widgets/framework.dart:4590:20)
#54     Element.updateChild (package:flutter/src/widgets/framework.dart:4059:18)
#55     SliverMultiBoxAdaptorElement.updateChild (package:flutter/src/widgets/sliver.dart:1068:37)
#56     SliverMultiBoxAdaptorElement.createChild.<anonymous closure> (package:flutter/src/widgets/sliver.dart:1052:20)
#57     BuildOwner.buildScope (package:flutter/src/widgets/framework.dart:3101:19)
#58     SliverMultiBoxAdaptorElement.createChild (package:flutter/src/widgets/sliver.dart:1042:12)
#59     RenderSliverMultiBoxAdaptor._createOrObtainChild.<anonymous closure> (package:flutter/src/rendering/sliver_multi_box_adaptor.dart:372:23)
#60     RenderObject.invokeLayoutCallback.<anonymous closure> (package:flutter/src/rendering/object.dart:2894:17)
#61     PipelineOwner._enableMutationsToDirtySubtrees (package:flutter/src/rendering/object.dart:1219:15)
#62     RenderObject.invokeLayoutCallback (package:flutter/src/rendering/object.dart:2893:14)
#63     RenderSliverMultiBoxAdaptor._createOrObtainChild (package:flutter/src/rendering/sliver_multi_box_adaptor.dart:360:5)
#64     RenderSliverMultiBoxAdaptor.insertAndLayoutChild (package:flutter/src/rendering/sliver_multi_box_adaptor.dart:523:5)
#65     RenderSliverList.performLayout.advance (package:flutter/src/rendering/sliver_list.dart:242:19)
#66     RenderSliverList.performLayout (package:flutter/src/rendering/sliver_list.dart:283:12)
#67     RenderObject.layout (package:flutter/src/rendering/object.dart:2775:7)
#68     RenderSliverEdgeInsetsPadding.performLayout (package:flutter/src/rendering/sliver_padding.dart:133:12)
#69     RenderSliverPadding.performLayout (package:flutter/src/rendering/sliver_padding.dart:371:11)
#70     RenderObject.layout (package:flutter/src/rendering/object.dart:2775:7)
#71     RenderViewportBase.layoutChildSequence (package:flutter/src/rendering/viewport.dart:673:13)
#72     RenderViewport._attemptLayout (package:flutter/src/rendering/viewport.dart:1684:12)
#73     RenderViewport.performLayout (package:flutter/src/rendering/viewport.dart:1575:20)
#74     RenderObject.layout (package:flutter/src/rendering/object.dart:2775:7)
#75     RenderProxyBoxMixin.performLayout (package:flutter/src/rendering/proxy_box.dart:115:18)
#76     RenderObject.layout (package:flutter/src/rendering/object.dart:2775:7)
#77     RenderProxyBoxMixin.performLayout (package:flutter/src/rendering/proxy_box.dart:115:18)
#78     RenderObject.layout (package:flutter/src/rendering/object.dart:2775:7)
#79     RenderProxyBoxMixin.performLayout (package:flutter/src/rendering/proxy_box.dart:115:18)
#80     RenderObject.layout (package:flutter/src/rendering/object.dart:2775:7)
#81     RenderProxyBoxMixin.performLayout (package:flutter/src/rendering/proxy_box.dart:115:18)
#82     RenderObject.layout (package:flutter/src/rendering/object.dart:2775:7)
#83     RenderProxyBoxMixin.performLayout (package:flutter/src/rendering/proxy_box.dart:115:18)
#84     RenderObject.layout (package:flutter/src/rendering/object.dart:2775:7)
#85     RenderProxyBoxMixin.performLayout (package:flutter/src/rendering/proxy_box.dart:115:18)
#86     RenderObject.layout (package:flutter/src/rendering/object.dart:2775:7)
#87     RenderProxyBoxMixin.performLayout (package:flutter/src/rendering/proxy_box.dart:115:18)
#88     RenderObject.layout (package:flutter/src/rendering/object.dart:2775:7)
#89     RenderProxyBoxMixin.performLayout (package:flutter/src/rendering/proxy_box.dart:115:18)
#90     _RenderCustomClip.performLayout (package:flutter/src/rendering/proxy_box.dart:1481:11)
#91     RenderObject.layout (package:flutter/src/rendering/object.dart:2775:7)
#92     ChildLayoutHelper.layoutChild (package:flutter/src/rendering/layout_helper.dart:62:11)
#93     RenderFlex._computeSizes (package:flutter/src/rendering/flex.dart:1203:26)
#94     RenderFlex.performLayout (package:flutter/src/rendering/flex.dart:1257:32)
#95     RenderObject.layout (package:flutter/src/rendering/object.dart:2775:7)
#96     RenderPadding.performLayout (package:flutter/src/rendering/shifted_box.dart:243:12)
#97     RenderObject.layout (package:flutter/src/rendering/object.dart:2775:7)
#98     MultiChildLayoutDelegate.layoutChild (package:flutter/src/rendering/custom_layout.dart:180:12)
#99     _ScaffoldLayout.performLayout (package:flutter/src/material/scaffold.dart:1112:7)
#100    MultiChildLayoutDelegate._callPerformLayout (package:flutter/src/rendering/custom_layout.dart:249:7)
#101    RenderCustomMultiChildLayoutBox.performLayout (package:flutter/src/rendering/custom_layout.dart:420:14)
#102    RenderObject.layout (package:flutter/src/rendering/object.dart:2775:7)
#103    RenderProxyBoxMixin.performLayout (package:flutter/src/rendering/proxy_box.dart:115:18)
#104    RenderObject.layout (package:flutter/src/rendering/object.dart:2775:7)
#105    RenderProxyBoxMixin.performLayout (package:flutter/src/rendering/proxy_box.dart:115:18)
#106    _RenderCustomClip.performLayout (package:flutter/src/rendering/proxy_box.dart:1481:11)
#107    RenderObject.layout (package:flutter/src/rendering/object.dart:2775:7)
#108    RenderProxyBoxMixin.performLayout (package:flutter/src/rendering/proxy_box.dart:115:18)
#109    RenderObject.layout (package:flutter/src/rendering/object.dart:2775:7)
#110    RenderProxyBoxMixin.performLayout (package:flutter/src/rendering/proxy_box.dart:115:18)
#111    RenderObject.layout (package:flutter/src/rendering/object.dart:2775:7)
#112    RenderProxyBoxMixin.performLayout (package:flutter/src/rendering/proxy_box.dart:115:18)
#113    RenderObject.layout (package:flutter/src/rendering/object.dart:2775:7)
#114    RenderProxyBoxMixin.performLayout (package:flutter/src/rendering/proxy_box.dart:115:18)
#115    RenderObject.layout (package:flutter/src/rendering/object.dart:2775:7)
#116    RenderProxyBoxMixin.performLayout (package:flutter/src/rendering/proxy_box.dart:115:18)
#117    RenderObject.layout (package:flutter/src/rendering/object.dart:2775:7)
#118    RenderProxyBoxMixin.performLayout (package:flutter/src/rendering/proxy_box.dart:115:18)
#119    RenderObject.layout (package:flutter/src/rendering/object.dart:2775:7)
#120    RenderProxyBoxMixin.performLayout (package:flutter/src/rendering/proxy_box.dart:115:18)
#121    RenderObject.layout (package:flutter/src/rendering/object.dart:2775:7)
#122    RenderProxyBoxMixin.performLayout (package:flutter/src/rendering/proxy_box.dart:115:18)
#123    RenderObject.layout (package:flutter/src/rendering/object.dart:2775:7)
#124    RenderProxyBoxMixin.performLayout (package:flutter/src/rendering/proxy_box.dart:115:18)
#125    RenderObject.layout (package:flutter/src/rendering/object.dart:2775:7)
#126    RenderProxyBoxMixin.performLayout (package:flutter/src/rendering/proxy_box.dart:115:18)
#127    RenderObject.layout (package:flutter/src/rendering/object.dart:2775:7)
#128    RenderProxyBoxMixin.performLayout (package:flutter/src/rendering/proxy_box.dart:115:18)
#129    RenderObject.layout (package:flutter/src/rendering/object.dart:2775:7)
#130    RenderProxyBoxMixin.performLayout (package:flutter/src/rendering/proxy_box.dart:115:18)
#131    RenderObject.layout (package:flutter/src/rendering/object.dart:2775:7)
#132    RenderProxyBoxMixin.performLayout (package:flutter/src/rendering/proxy_box.dart:115:18)
#133    RenderObject.layout (package:flutter/src/rendering/object.dart:2775:7)
#134    RenderProxyBoxMixin.performLayout (package:flutter/src/rendering/proxy_box.dart:115:18)
#135    RenderObject.layout (package:flutter/src/rendering/object.dart:2775:7)
#136    RenderProxyBoxMixin.performLayout (package:flutter/src/rendering/proxy_box.dart:115:18)
#137    RenderObject.layout (package:flutter/src/rendering/object.dart:2775:7)
#138    RenderProxyBoxMixin.performLayout (package:flutter/src/rendering/proxy_box.dart:115:18)
#139    RenderOffstage.performLayout (package:flutter/src/rendering/proxy_box.dart:3848:13)
#140    RenderObject.layout (package:flutter/src/rendering/object.dart:2775:7)
#141    RenderProxyBoxMixin.performLayout (package:flutter/src/rendering/proxy_box.dart:115:18)
#142    RenderObject.layout (package:flutter/src/rendering/object.dart:2775:7)
#143    _RenderTheaterMixin.layoutChild (package:flutter/src/widgets/overlay.dart:1084:13)
#144    _RenderTheater.performLayout (package:flutter/src/widgets/overlay.dart:1429:9)
#145    RenderObject.layout (package:flutter/src/rendering/object.dart:2775:7)
#146    RenderProxyBoxMixin.performLayout (package:flutter/src/rendering/proxy_box.dart:115:18)
#147    RenderObject.layout (package:flutter/src/rendering/object.dart:2775:7)
#148    RenderProxyBoxMixin.performLayout (package:flutter/src/rendering/proxy_box.dart:115:18)
#149    RenderObject.layout (package:flutter/src/rendering/object.dart:2775:7)
#150    RenderProxyBoxMixin.performLayout (package:flutter/src/rendering/proxy_box.dart:115:18)
#151    RenderObject.layout (package:flutter/src/rendering/object.dart:2775:7)
#152    RenderProxyBoxMixin.performLayout (package:flutter/src/rendering/proxy_box.dart:115:18)
#153    RenderCustomPaint.performLayout (package:flutter/src/rendering/custom_paint.dart:574:11)
#154    RenderObject.layout (package:flutter/src/rendering/object.dart:2775:7)
#155    RenderProxyBoxMixin.performLayout (package:flutter/src/rendering/proxy_box.dart:115:18)
#156    RenderObject.layout (package:flutter/src/rendering/object.dart:2775:7)
#157    RenderProxyBoxMixin.performLayout (package:flutter/src/rendering/proxy_box.dart:115:18)
#158    RenderObject.layout (package:flutter/src/rendering/object.dart:2775:7)
#159    RenderProxyBoxMixin.performLayout (package:flutter/src/rendering/proxy_box.dart:115:18)
#160    RenderObject.layout (package:flutter/src/rendering/object.dart:2775:7)
#161    RenderProxyBoxMixin.performLayout (package:flutter/src/rendering/proxy_box.dart:115:18)
#162    RenderObject.layout (package:flutter/src/rendering/object.dart:2775:7)
#163    RenderProxyBoxMixin.performLayout (package:flutter/src/rendering/proxy_box.dart:115:18)
#164    RenderObject.layout (package:flutter/src/rendering/object.dart:2775:7)
#165    RenderProxyBoxMixin.performLayout (package:flutter/src/rendering/proxy_box.dart:115:18)
#166    RenderObject.layout (package:flutter/src/rendering/object.dart:2775:7)
#167    RenderView.performLayout (package:flutter/src/rendering/view.dart:294:12)
#168    RenderObject._layoutWithoutResize (package:flutter/src/rendering/object.dart:2623:7)
#169    PipelineOwner.flushLayout (package:flutter/src/rendering/object.dart:1170:18)
#170    PipelineOwner.flushLayout (package:flutter/src/rendering/object.dart:1183:15)
#171    AutomatedTestWidgetsFlutterBinding.drawFrame (package:flutter_test/src/binding.dart:1508:27)
#172    RendererBinding._handlePersistentFrameCallback (package:flutter/src/rendering/binding.dart:495:5)
#173    SchedulerBinding._invokeFrameCallback (package:flutter/src/scheduler/binding.dart:1434:15)
#174    SchedulerBinding.handleDrawFrame (package:flutter/src/scheduler/binding.dart:1347:9)
#175    AutomatedTestWidgetsFlutterBinding.pump.<anonymous closure> (package:flutter_test/src/binding.dart:1335:9)
#178    TestAsyncUtils.guard (package:flutter_test/src/test_async_utils.dart:74:41)
#179    AutomatedTestWidgetsFlutterBinding.pump (package:flutter_test/src/binding.dart:1324:27)
#180    WidgetTester.pumpWidget.<anonymous closure> (package:flutter_test/src/widget_tester.dart:598:22)
#183    TestAsyncUtils.guard (package:flutter_test/src/test_async_utils.dart:74:41)
#184    WidgetTester.pumpWidget (package:flutter_test/src/widget_tester.dart:595:27)
#185    main.<anonymous closure> (file:///C:/Users/moust/OneDrive/Desktop/mauri_in/test/textfield_test.dart:15:20)
#186    testWidgets.<anonymous closure>.<anonymous closure> (package:flutter_test/src/widget_tester.dart:192:29)
<asynchronous suspension>
#187    TestWidgetsFlutterBinding._runTestBody (package:flutter_test/src/binding.dart:1059:5)
<asynchronous suspension>
<asynchronous suspension>
(elided 8 frames from dart:async and package:stack_trace)

CAUGHT EXCEPTION: 'package:flutter_test/src/binding.dart': Failed assertion: line 1617 pos 12: '!timersPending': A Timer is still pending even after the widget tree was disposed.
STACK: #0      _AssertionError._doThrowNew (dart:core-patch/errors_patch.dart:67:4)
#1      _AssertionError._throwNew (dart:core-patch/errors_patch.dart:49:5)
#2      AutomatedTestWidgetsFlutterBinding._verifyInvariants (package:flutter_test/src/binding.dart:1617:12)
#3      TestWidgetsFlutterBinding._runTestBody (package:flutter_test/src/binding.dart:1078:7)
<asynchronous suspension>
#4      StackZoneSpecification._registerCallback.<anonymous closure> (package:stack_trace/src/stack_zone_specification.dart:114:42)
<asynchronous suspension>

00:01 +0 -1: Test SearchScreen for exceptions [E]
  'package:flutter_test/src/binding.dart': Failed assertion: line 1018 pos 9: '_pendingExceptionDetails != null': A test overrode FlutterError.onError but either failed to return it to its original state, or had unexpected additional errors that it could not handle. Typically, this is caused by using expect() before restoring FlutterError.onError.
  dart:core                                           _AssertionError._throwNew
  package:flutter_test/src/binding.dart 1018:9        TestWidgetsFlutterBinding._runTest.handleUncaughtError
  package:flutter_test/src/binding.dart 1027:13       TestWidgetsFlutterBinding._runTest.<fn>
  ===== asynchronous gap ===========================
  dart:async                                          _CustomZone.registerUnaryCallback
  package:flutter_test/src/binding.dart 1048:5        TestWidgetsFlutterBinding._runTestBody
  dart:async                                          _CustomZone.runBinary
  package:flutter_test/src/binding.dart 1033:10       TestWidgetsFlutterBinding._runTest
  package:flutter_test/src/binding.dart 1564:24       AutomatedTestWidgetsFlutterBinding.runTest.<fn>
  package:fake_async/fake_async.dart 182:47           FakeAsync.run.<fn>.<fn>
  dart:async                                          runZoned
  package:clock/src/default.dart 52:10                withClock
  package:fake_async/fake_async.dart 182:15           FakeAsync.run.<fn>
  dart:async                                          runZoned
  package:fake_async/fake_async.dart 181:52           FakeAsync.run
  package:flutter_test/src/binding.dart 1561:15       AutomatedTestWidgetsFlutterBinding.runTest
  package:flutter_test/src/widget_tester.dart 184:24  testWidgets.<fn>
  
